Reusing existing frontend production build.
Clearing port 4173...
Error: http://127.0.0.1:4173 is alr  ok  1 [chromium-desktop] › tests\chat.spec.ts:141:5 › user can send a message and receive a streamed response (5.2s)
  ok  2 [chromium-desktop] › tests\a11y.spec.ts:27:7 › a11y audit on Chat view (6.2s)
  ok  3 [chromium-desktop] › tests\chat.spec.ts:149:5 › chat stream error is rendered as a system error message (4.6s)
  ok  4 [chromium-desktop] › tests\a11y.spec.ts:27:7 › a11y audit on Canvas view (5.5s)
  ok  5 [chromium-desktop] › tests\command-palette.spec.ts:11:7 › Command Palette v2 › opens and closes with keyboard shortcuts (4.6s)
  ok  6 [chromium-desktop] › tests\a11y.spec.ts:27:7 › a11y audit on Terminal view (5.5s)
  ok  7 [chromium-desktop] › tests\command-palette.spec.ts:19:7 › Command Palette v2 › fuzzy search filters actions (4.5s)
  ok  8 [chromium-desktop] › tests\a11y.spec.ts:27:7 › a11y audit on SSH view (5.5s)
  ok  9 [chromium-desktop] › tests\command-palette.spec.ts:30:7 › Command Palette v2 › fuzzy search matches keywords and groups (4.5s)
  ok 11 [chromium-desktop] › tests\command-palette.spec.ts:41:7 › Command Palette v2 › shows group headers when query is empty (4.5s)
  ok 10 [chromium-desktop] › tests\a11y.spec.ts:27:7 › a11y audit on Tunnel view (5.5s)
  ok 12 [chromium-desktop] › tests\command-palette.spec.ts:50:7 › Command Palette v2 › highlights matched characters (4.5s)
  ok 13 [chromium-desktop] › tests\a11y.spec.ts:27:7 › a11y audit on Share view (5.4s)
  ok 14 [chromium-desktop] › tests\command-palette.spec.ts:59:7 › Command Palette v2 › tracks command history in localStorage (4.6s)
  ok 15 [chromium-desktop] › tests\a11y.spec.ts:27:7 › a11y audit on Browser view (5.5s)
  ok 16 [chromium-desktop] › tests\command-palette.spec.ts:72:7 › Command Palette v2 › keyboard navigation cycles through results (4.5s)
  ok 17 [chromium-desktop] › tests\a11y.spec.ts:27:7 › a11y audit on Agent view (5.4s)
  ok 18 [chromium-desktop] › tests\command-palette.spec.ts:95:7 › Command Palette v2 › shows dynamic state-aware actions (4.5s)
  ok 19 [chromium-desktop] › tests\a11y.spec.ts:27:7 › a11y audit on Memory view (5.5s)
  ok 20 [chromium-desktop] › tests\command-palette.spec.ts:104:7 › Command Palette v2 › empty state shown when no matches (4.5s)
  ok 21 [chromium-desktop] › tests\a11y.spec.ts:27:7 › a11y audit on Prompt Lab view (5.5s)
  ok 22 [chromium-desktop] › tests\command-palette.spec.ts:123:7 › Quick Switcher › opens with Ctrl+Tab when mocked Tauri exists (8.9s)
  ok 23 [chromium-desktop] › tests\a11y.spec.ts:27:7 › a11y audit on Remote view (5.3s)
