    Fetching advisory database from `https://github.com/RustSec/advisory-db.git`
      Loaded 1098 security advisories (from C:\Users\thecr\.cargo\advisory-db)
    Updating crates.io index
    Scanning Cargo.lock for vulnerabilities (861 crate dependencies)
Crate:     atk
Version:   0.18.2
Warning:   unmaintained
Title:     gtk-rs GTK3 bindings - no longer maintained
Date:      2024-03-04
ID:        RUSTSEC-2024-0413
URL:       https://rustsec.org/advisories/RUSTSEC-2024-0413
Dependency tree:
atk 0.18.2
└── gtk 0.18.2
    ├── wry 0.55.1
    │   └── tauri-runtime-wry 2.11.2
    │       └── tauri 2.11.2
    │           ├── tauri-plugin-log 2.8.0
    │           │   └── app 1.2.0
    │           └── app 1.2.0
    ├── webkit2gtk 2.0.2
    │   ├── wry 0.55.1
    │   ├── tauri-runtime-wry 2.11.2
    │   ├── tauri-runtime 2.11.2
    │   │   ├── tauri-runtime-wry 2.11.2
    │   │   └── tauri 2.11.2
    │   └── tauri 2.11.2
    ├── tauri-runtime-wry 2.11.2
    ├── tauri-runtime 2.11.2
    ├── tauri 2.11.2
    ├── tao 0.35.3
    │   └── tauri-runtime-wry 2.11.2
    ├── muda 0.19.2
    │   ├── tray-icon 0.23.1
    │   │   └── tauri 2.11.2
    │   └── tauri 2.11.2
    └── libappindicator 0.9.0
        └── tray-icon 0.23.1

Crate:     atk-sys
Version:   0.18.2
Warning:   unmaintained
Title:     gtk-rs GTK3 bindings - no longer maintained
Date:      2024-03-04
ID:        RUSTSEC-2024-0416
URL:       https://rustsec.org/advisories/RUSTSEC-2024-0416
Dependency tree:
atk-sys 0.18.2
├── gtk-sys 0.18.2
│   ├── webkit2gtk-sys 2.0.2
│   │   ├── wry 0.55.1
│   │   │   └── tauri-runtime-wry 2.11.2
│   │   │       └── tauri 2.11.2
│   │   │           ├── tauri-plugin-log 2.8.0
│   │   │           │   └── app 1.2.0
│   │   │           └── app 1.2.0
│   │   └── webkit2gtk 2.0.2
│   │       ├── wry 0.55.1
│   │       ├── tauri-runtime-wry 2.11.2
│   │       ├── tauri-runtime 2.11.2
│   │       │   ├── tauri-runtime-wry 2.11.2
│   │       │   └── tauri 2.11.2
│   │       └── tauri 2.11.2
│   ├── webkit2gtk 2.0.2
│   ├── libappindicator-sys 0.9.0
│   │   └── libappindicator 0.9.0
│   │       └── tray-icon 0.23.1
│   │           └── tauri 2.11.2
│   ├── libappindicator 0.9.0
│   └── gtk 0.18.2
│       ├── wry 0.55.1
│       ├── webkit2gtk 2.0.2
│       ├── tauri-runtime-wry 2.11.2
│       ├── tauri-runtime 2.11.2
│       ├── tauri 2.11.2
│       ├── tao 0.35.3
│       │   └── tauri-runtime-wry 2.11.2
│       ├── muda 0.19.2
│       │   ├── tray-icon 0.23.1
│       │   └── tauri 2.11.2
│       └── libappindicator 0.9.0
└── atk 0.18.2
    └── gtk 0.18.2

Crate:     gdk
Version:   0.18.2
Warning:   unmaintained
Title:     gtk-rs GTK3 bindings - no longer maintained
Date:      2024-03-04
ID:        RUSTSEC-2024-0412
URL:       https://rustsec.org/advisories/RUSTSEC-2024-0412
Dependency tree:
gdk 0.18.2
├── webkit2gtk 2.0.2
│   ├── wry 0.55.1
│   │   └── tauri-runtime-wry 2.11.2
│   │       └── tauri 2.11.2
│   │           ├── tauri-plugin-log 2.8.0
│   │           │   └── app 1.2.0
│   │           └── app 1.2.0
│   ├── tauri-runtime-wry 2.11.2
│   ├── tauri-runtime 2.11.2
│   │   ├── tauri-runtime-wry 2.11.2
│   │   └── tauri 2.11.2
│   └── tauri 2.11.2
├── gtk 0.18.2
│   ├── wry 0.55.1
│   ├── webkit2gtk 2.0.2
│   ├── tauri-runtime-wry 2.11.2
│   ├── tauri-runtime 2.11.2
│   ├── tauri 2.11.2
│   ├── tao 0.35.3
│   │   └── tauri-runtime-wry 2.11.2
│   ├── muda 0.19.2
│   │   ├── tray-icon 0.23.1
│   │   │   └── tauri 2.11.2
│   │   └── tauri 2.11.2
│   └── libappindicator 0.9.0
│       └── tray-icon 0.23.1
└── gdkx11 0.18.2
    └── wry 0.55.1

Crate:     gdk-sys
Version:   0.18.2
Warning:   unmaintained
Title:     gtk-rs GTK3 bindings - no longer maintained
Date:      2024-03-04
ID:        RUSTSEC-2024-0418
URL:       https://rustsec.org/advisories/RUSTSEC-2024-0418
Dependency tree:
gdk-sys 0.18.2
├── webkit2gtk-sys 2.0.2
│   ├── wry 0.55.1
│   │   └── tauri-runtime-wry 2.11.2
│   │       └── tauri 2.11.2
│   │           ├── tauri-plugin-log 2.8.0
│   │           │   └── app 1.2.0
│   │           └── app 1.2.0
│   └── webkit2gtk 2.0.2
│       ├── wry 0.55.1
│       ├── tauri-runtime-wry 2.11.2
│       ├── tauri-runtime 2.11.2
│       │   ├── tauri-runtime-wry 2.11.2
│       │   └── tauri 2.11.2
│       └── tauri 2.11.2
├── webkit2gtk 2.0.2
├── gtk-sys 0.18.2
│   ├── webkit2gtk-sys 2.0.2
│   ├── webkit2gtk 2.0.2
│   ├── libappindicator-sys 0.9.0
│   │   └── libappindicator 0.9.0
│   │       └── tray-icon 0.23.1
│   │           └── tauri 2.11.2
│   ├── libappindicator 0.9.0
│   └── gtk 0.18.2
│       ├── wry 0.55.1
│       ├── webkit2gtk 2.0.2
│       ├── tauri-runtime-wry 2.11.2
│       ├── tauri-runtime 2.11.2
│       ├── tauri 2.11.2
│       ├── tao 0.35.3
│       │   └── tauri-runtime-wry 2.11.2
│       ├── muda 0.19.2
│       │   ├── tray-icon 0.23.1
│       │   └── tauri 2.11.2
│       └── libappindicator 0.9.0
├── gdkx11-sys 0.18.2
│   ├── tao 0.35.3
│   └── gdkx11 0.18.2
│       └── wry 0.55.1
├── gdkwayland-sys 0.18.2
│   └── tao 0.35.3
└── gdk 0.18.2
    ├── webkit2gtk 2.0.2
    ├── gtk 0.18.2
    └── gdkx11 0.18.2

Crate:     gdkwayland-sys
Version:   0.18.2
Warning:   unmaintained
Title:     gtk-rs GTK3 bindings - no longer maintained
Date:      2024-03-04
ID:        RUSTSEC-2024-0411
URL:       https://rustsec.org/advisories/RUSTSEC-2024-0411
Dependency tree:
gdkwayland-sys 0.18.2
└── tao 0.35.3
    └── tauri-runtime-wry 2.11.2
        └── tauri 2.11.2
            ├── tauri-plugin-log 2.8.0
            │   └── app 1.2.0
            └── app 1.2.0

Crate:     gdkx11
Version:   0.18.2
Warning:   unmaintained
Title:     gtk-rs GTK3 bindings - no longer maintained
Date:      2024-03-04
ID:        RUSTSEC-2024-0417
URL:       https://rustsec.org/advisories/RUSTSEC-2024-0417
Dependency tree:
gdkx11 0.18.2
└── wry 0.55.1
    └── tauri-runtime-wry 2.11.2
        └── tauri 2.11.2
            ├── tauri-plugin-log 2.8.0
            │   └── app 1.2.0
            └── app 1.2.0

Crate:     gdkx11-sys
Version:   0.18.2
Warning:   unmaintained
Title:     gtk-rs GTK3 bindings - no longer maintained
Date:      2024-03-04
ID:        RUSTSEC-2024-0414
URL:       https://rustsec.org/advisories/RUSTSEC-2024-0414
Dependency tree:
gdkx11-sys 0.18.2
├── tao 0.35.3
│   └── tauri-runtime-wry 2.11.2
│       └── tauri 2.11.2
│           ├── tauri-plugin-log 2.8.0
│           │   └── app 1.2.0
│           └── app 1.2.0
└── gdkx11 0.18.2
    └── wry 0.55.1
        └── tauri-runtime-wry 2.11.2

Crate:     gtk
Version:   0.18.2
Warning:   unmaintained
Title:     gtk-rs GTK3 bindings - no longer maintained
Date:      2024-03-04
ID:        RUSTSEC-2024-0415
URL:       https://rustsec.org/advisories/RUSTSEC-2024-0415
Dependency tree:
gtk 0.18.2
├── wry 0.55.1
│   └── tauri-runtime-wry 2.11.2
│       └── tauri 2.11.2
│           ├── tauri-plugin-log 2.8.0
│           │   └── app 1.2.0
│           └── app 1.2.0
├── webkit2gtk 2.0.2
│   ├── wry 0.55.1
│   ├── tauri-runtime-wry 2.11.2
│   ├── tauri-runtime 2.11.2
│   │   ├── tauri-runtime-wry 2.11.2
│   │   └── tauri 2.11.2
│   └── tauri 2.11.2
├── tauri-runtime-wry 2.11.2
├── tauri-runtime 2.11.2
├── tauri 2.11.2
├── tao 0.35.3
│   └── tauri-runtime-wry 2.11.2
├── muda 0.19.2
│   ├── tray-icon 0.23.1
│   │   └── tauri 2.11.2
│   └── tauri 2.11.2
└── libappindicator 0.9.0
    └── tray-icon 0.23.1

Crate:     gtk-sys
Version:   0.18.2
Warning:   unmaintained
Title:     gtk-rs GTK3 bindings - no longer maintained
Date:      2024-03-04
ID:        RUSTSEC-2024-0420
URL:       https://rustsec.org/advisories/RUSTSEC-2024-0420
Dependency tree:
gtk-sys 0.18.2
├── webkit2gtk-sys 2.0.2
│   ├── wry 0.55.1
│   │   └── tauri-runtime-wry 2.11.2
│   │       └── tauri 2.11.2
│   │           ├── tauri-plugin-log 2.8.0
│   │           │   └── app 1.2.0
│   │           └── app 1.2.0
│   └── webkit2gtk 2.0.2
│       ├── wry 0.55.1
│       ├── tauri-runtime-wry 2.11.2
│       ├── tauri-runtime 2.11.2
│       │   ├── tauri-runtime-wry 2.11.2
│       │   └── tauri 2.11.2
│       └── tauri 2.11.2
├── webkit2gtk 2.0.2
├── libappindicator-sys 0.9.0
│   └── libappindicator 0.9.0
│       └── tray-icon 0.23.1
│           └── tauri 2.11.2
├── libappindicator 0.9.0
└── gtk 0.18.2
    ├── wry 0.55.1
    ├── webkit2gtk 2.0.2
    ├── tauri-runtime-wry 2.11.2
    ├── tauri-runtime 2.11.2
    ├── tauri 2.11.2
    ├── tao 0.35.3
    │   └── tauri-runtime-wry 2.11.2
    ├── muda 0.19.2
    │   ├── tray-icon 0.23.1
    │   └── tauri 2.11.2
    └── libappindicator 0.9.0

Crate:     gtk3-macros
Version:   0.18.2
Warning:   unmaintained
Title:     gtk-rs GTK3 bindings - no longer maintained
Date:      2024-03-04
ID:        RUSTSEC-2024-0419
URL:       https://rustsec.org/advisories/RUSTSEC-2024-0419
Dependency tree:
gtk3-macros 0.18.2
└── gtk 0.18.2
    ├── wry 0.55.1
    │   └── tauri-runtime-wry 2.11.2
    │       └── tauri 2.11.2
    │           ├── tauri-plugin-log 2.8.0
    │           │   └── app 1.2.0
    │           └── app 1.2.0
    ├── webkit2gtk 2.0.2
    │   ├── wry 0.55.1
    │   ├── tauri-runtime-wry 2.11.2
    │   ├── tauri-runtime 2.11.2
    │   │   ├── tauri-runtime-wry 2.11.2
    │   │   └── tauri 2.11.2
    │   └── tauri 2.11.2
    ├── tauri-runtime-wry 2.11.2
    ├── tauri-runtime 2.11.2
    ├── tauri 2.11.2
    ├── tao 0.35.3
    │   └── tauri-runtime-wry 2.11.2
    ├── muda 0.19.2
    │   ├── tray-icon 0.23.1
    │   │   └── tauri 2.11.2
    │   └── tauri 2.11.2
    └── libappindicator 0.9.0
        └── tray-icon 0.23.1

Crate:     proc-macro-error
Version:   1.0.4
Warning:   unmaintained
Title:     proc-macro-error is unmaintained
Date:      2024-09-01
ID:        RUSTSEC-2024-0370
URL:       https://rustsec.org/advisories/RUSTSEC-2024-0370
Dependency tree:
proc-macro-error 1.0.4
├── gtk3-macros 0.18.2
│   └── gtk 0.18.2
│       ├── wry 0.55.1
│       │   └── tauri-runtime-wry 2.11.2
│       │       └── tauri 2.11.2
│       │           ├── tauri-plugin-log 2.8.0
│       │           │   └── app 1.2.0
│       │           └── app 1.2.0
│       ├── webkit2gtk 2.0.2
│       │   ├── wry 0.55.1
│       │   ├── tauri-runtime-wry 2.11.2
│       │   ├── tauri-runtime 2.11.2
│       │   │   ├── tauri-runtime-wry 2.11.2
│       │   │   └── tauri 2.11.2
│       │   └── tauri 2.11.2
│       ├── tauri-runtime-wry 2.11.2
│       ├── tauri-runtime 2.11.2
│       ├── tauri 2.11.2
│       ├── tao 0.35.3
│       │   └── tauri-runtime-wry 2.11.2
│       ├── muda 0.19.2
│       │   ├── tray-icon 0.23.1
│       │   │   └── tauri 2.11.2
│       │   └── tauri 2.11.2
│       └── libappindicator 0.9.0
│           └── tray-icon 0.23.1
└── glib-macros 0.18.5
    └── glib 0.18.5
        ├── webkit2gtk 2.0.2
        ├── soup3 0.5.0
        │   ├── wry 0.55.1
        │   └── webkit2gtk 2.0.2
        ├── pango 0.18.3
        │   ├── gtk 0.18.2
        │   └── gdk 0.18.2
        │       ├── webkit2gtk 2.0.2
        │       ├── gtk 0.18.2
        │       └── gdkx11 0.18.2
        │           └── wry 0.55.1
        ├── libappindicator 0.9.0
        ├── javascriptcore-rs 1.1.2
        │   ├── wry 0.55.1
        │   └── webkit2gtk 2.0.2
        ├── gtk 0.18.2
        ├── gio 0.18.4
        │   ├── webkit2gtk 2.0.2
        │   ├── soup3 0.5.0
        │   ├── pango 0.18.3
        │   ├── gtk 0.18.2
        │   ├── gdkx11 0.18.2
        │   ├── gdk-pixbuf 0.18.5
        │   │   ├── gtk 0.18.2
        │   │   └── gdk 0.18.2
        │   └── gdk 0.18.2
        ├── gdkx11 0.18.2
        ├── gdk-pixbuf 0.18.5
        ├── gdk 0.18.2
        ├── cairo-rs 0.18.5
        │   ├── webkit2gtk 2.0.2
        │   ├── gtk 0.18.2
        │   └── gdk 0.18.2
        └── atk 0.18.2
            └── gtk 0.18.2

Crate:     unic-char-property
Version:   0.9.0
Warning:   unmaintained
Title:     `unic-char-property` is unmaintained
Date:      2025-10-18
ID:        RUSTSEC-2025-0081
URL:       https://rustsec.org/advisories/RUSTSEC-2025-0081
Dependency tree:
unic-char-property 0.9.0
└── unic-ucd-ident 0.9.0
    └── urlpattern 0.3.0
        └── tauri-utils 2.9.2
            ├── tauri-runtime-wry 2.11.2
            │   └── tauri 2.11.2
            │       ├── tauri-plugin-log 2.8.0
            │       │   └── app 1.2.0
            │       └── app 1.2.0
            ├── tauri-runtime 2.11.2
            │   ├── tauri-runtime-wry 2.11.2
            │   └── tauri 2.11.2
            ├── tauri-plugin 2.6.2
            │   └── tauri-plugin-log 2.8.0
            ├── tauri-macros 2.6.2
            │   └── tauri 2.11.2
            ├── tauri-codegen 2.6.2
            │   └── tauri-macros 2.6.2
            ├── tauri-build 2.6.2
            │   ├── tauri 2.11.2
            │   └── app 1.2.0
            └── tauri 2.11.2

Crate:     unic-char-range
Version:   0.9.0
Warning:   unmaintained
Title:     `unic-char-range` is unmaintained
Date:      2025-10-18
ID:        RUSTSEC-2025-0075
URL:       https://rustsec.org/advisories/RUSTSEC-2025-0075
Dependency tree:
unic-char-range 0.9.0
├── unic-ucd-ident 0.9.0
│   └── urlpattern 0.3.0
│       └── tauri-utils 2.9.2
│           ├── tauri-runtime-wry 2.11.2
│           │   └── tauri 2.11.2
│           │       ├── tauri-plugin-log 2.8.0
│           │       │   └── app 1.2.0
│           │       └── app 1.2.0
│           ├── tauri-runtime 2.11.2
│           │   ├── tauri-runtime-wry 2.11.2
│           │   └── tauri 2.11.2
│           ├── tauri-plugin 2.6.2
│           │   └── tauri-plugin-log 2.8.0
│           ├── tauri-macros 2.6.2
│           │   └── tauri 2.11.2
│           ├── tauri-codegen 2.6.2
│           │   └── tauri-macros 2.6.2
│           ├── tauri-build 2.6.2
│           │   ├── tauri 2.11.2
│           │   └── app 1.2.0
│           └── tauri 2.11.2
└── unic-char-property 0.9.0
    └── unic-ucd-ident 0.9.0

Crate:     unic-common
Version:   0.9.0
Warning:   unmaintained
Title:     `unic-common` is unmaintained
Date:      2025-10-18
ID:        RUSTSEC-2025-0080
URL:       https://rustsec.org/advisories/RUSTSEC-2025-0080
Dependency tree:
unic-common 0.9.0
└── unic-ucd-version 0.9.0
    └── unic-ucd-ident 0.9.0
        └── urlpattern 0.3.0
            └── tauri-utils 2.9.2
                ├── tauri-runtime-wry 2.11.2
                │   └── tauri 2.11.2
                │       ├── tauri-plugin-log 2.8.0
                │       │   └── app 1.2.0
                │       └── app 1.2.0
                ├── tauri-runtime 2.11.2
                │   ├── tauri-runtime-wry 2.11.2
                │   └── tauri 2.11.2
                ├── tauri-plugin 2.6.2
                │   └── tauri-plugin-log 2.8.0
                ├── tauri-macros 2.6.2
                │   └── tauri 2.11.2
                ├── tauri-codegen 2.6.2
                │   └── tauri-macros 2.6.2
                ├── tauri-build 2.6.2
                │   ├── tauri 2.11.2
                │   └── app 1.2.0
                └── tauri 2.11.2

Crate:     unic-ucd-ident
Version:   0.9.0
Warning:   unmaintained
Title:     `unic-ucd-ident` is unmaintained
Date:      2025-10-18
ID:        RUSTSEC-2025-0100
URL:       https://rustsec.org/advisories/RUSTSEC-2025-0100
Dependency tree:
unic-ucd-ident 0.9.0
└── urlpattern 0.3.0
    └── tauri-utils 2.9.2
        ├── tauri-runtime-wry 2.11.2
        │   └── tauri 2.11.2
        │       ├── tauri-plugin-log 2.8.0
        │       │   └── app 1.2.0
        │       └── app 1.2.0
        ├── tauri-runtime 2.11.2
        │   ├── tauri-runtime-wry 2.11.2
        │   └── tauri 2.11.2
        ├── tauri-plugin 2.6.2
        │   └── tauri-plugin-log 2.8.0
        ├── tauri-macros 2.6.2
        │   └── tauri 2.11.2
        ├── tauri-codegen 2.6.2
        │   └── tauri-macros 2.6.2
        ├── tauri-build 2.6.2
        │   ├── tauri 2.11.2
        │   └── app 1.2.0
        └── tauri 2.11.2

Crate:     unic-ucd-version
Version:   0.9.0
Warning:   unmaintained
Title:     `unic-ucd-version` is unmaintained
Date:      2025-10-18
ID:        RUSTSEC-2025-0098
URL:       https://rustsec.org/advisories/RUSTSEC-2025-0098
Dependency tree:
unic-ucd-version 0.9.0
└── unic-ucd-ident 0.9.0
    └── urlpattern 0.3.0
        └── tauri-utils 2.9.2
            ├── tauri-runtime-wry 2.11.2
            │   └── tauri 2.11.2
            │       ├── tauri-plugin-log 2.8.0
            │       │   └── app 1.2.0
            │       └── app 1.2.0
            ├── tauri-runtime 2.11.2
            │   ├── tauri-runtime-wry 2.11.2
            │   └── tauri 2.11.2
            ├── tauri-plugin 2.6.2
            │   └── tauri-plugin-log 2.8.0
            ├── tauri-macros 2.6.2
            │   └── tauri 2.11.2
            ├── tauri-codegen 2.6.2
            │   └── tauri-macros 2.6.2
            ├── tauri-build 2.6.2
            │   ├── tauri 2.11.2
            │   └── app 1.2.0
            └── tauri 2.11.2

Crate:     glib
Version:   0.18.5
Warning:   unsound
Title:     Unsoundness in `Iterator` and `DoubleEndedIterator` impls for `glib::VariantStrIter`
Date:      2024-03-30
ID:        RUSTSEC-2024-0429
URL:       https://rustsec.org/advisories/RUSTSEC-2024-0429
Dependency tree:
glib 0.18.5
├── webkit2gtk 2.0.2
│   ├── wry 0.55.1
│   │   └── tauri-runtime-wry 2.11.2
│   │       └── tauri 2.11.2
│   │           ├── tauri-plugin-log 2.8.0
│   │           │   └── app 1.2.0
│   │           └── app 1.2.0
│   ├── tauri-runtime-wry 2.11.2
│   ├── tauri-runtime 2.11.2
│   │   ├── tauri-runtime-wry 2.11.2
│   │   └── tauri 2.11.2
│   └── tauri 2.11.2
├── soup3 0.5.0
│   ├── wry 0.55.1
│   └── webkit2gtk 2.0.2
├── pango 0.18.3
│   ├── gtk 0.18.2
│   │   ├── wry 0.55.1
│   │   ├── webkit2gtk 2.0.2
│   │   ├── tauri-runtime-wry 2.11.2
│   │   ├── tauri-runtime 2.11.2
│   │   ├── tauri 2.11.2
│   │   ├── tao 0.35.3
│   │   │   └── tauri-runtime-wry 2.11.2
│   │   ├── muda 0.19.2
│   │   │   ├── tray-icon 0.23.1
│   │   │   │   └── tauri 2.11.2
│   │   │   └── tauri 2.11.2
│   │   └── libappindicator 0.9.0
│   │       └── tray-icon 0.23.1
│   └── gdk 0.18.2
│       ├── webkit2gtk 2.0.2
│       ├── gtk 0.18.2
│       └── gdkx11 0.18.2
│           └── wry 0.55.1
├── libappindicator 0.9.0
├── javascriptcore-rs 1.1.2
│   ├── wry 0.55.1
│   └── webkit2gtk 2.0.2
├── gtk 0.18.2
├── gio 0.18.4
│   ├── webkit2gtk 2.0.2
│   ├── soup3 0.5.0
│   ├── pango 0.18.3
│   ├── gtk 0.18.2
│   ├── gdkx11 0.18.2
│   ├── gdk-pixbuf 0.18.5
│   │   ├── gtk 0.18.2
│   │   └── gdk 0.18.2
│   └── gdk 0.18.2
├── gdkx11 0.18.2
├── gdk-pixbuf 0.18.5
├── gdk 0.18.2
├── cairo-rs 0.18.5
│   ├── webkit2gtk 2.0.2
│   ├── gtk 0.18.2
│   └── gdk 0.18.2
└── atk 0.18.2
    └── gtk 0.18.2

warning: 17 allowed warnings found
cargo-deny not configured or not installed
