[     359ms] [WARNING] An iframe which has both allow-scripts and allow-same-origin for its sandbox attribute can escape its sandboxing. @ http://localhost:5173/src/main.js:188
[     453ms] [LOG] [Mock IPC] Invoked: get_initial_state {} @ http://localhost:5173/src/main.js:35
[     454ms] [LOG] [Mock IPC] Invoked: get_personas {} @ http://localhost:5173/src/main.js:35
[     454ms] [LOG] [Mock IPC] Invoked: list_sessions {} @ http://localhost:5173/src/main.js:35
[     468ms] [LOG] [Mock IPC] Invoked: pty_kill {id: main_pty_session} @ http://localhost:5173/src/main.js:35
[     468ms] [WARNING] [Mock IPC] Unknown command: pty_kill @ http://localhost:5173/src/main.js:182
[     468ms] [LOG] [Mock IPC] Invoked: send_tunnel_request {request: {"type":"run_cmd","command":"whoami"}} @ http://localhost:5173/src/main.js:35
[     468ms] [WARNING] [Mock IPC] Unknown command: send_tunnel_request @ http://localhost:5173/src/main.js:182
[     468ms] [LOG] [Mock IPC] Invoked: get_discovered_peers {} @ http://localhost:5173/src/main.js:35
[     468ms] [WARNING] [Mock IPC] Unknown command: get_discovered_peers @ http://localhost:5173/src/main.js:182
[     468ms] [LOG] [Mock IPC] Invoked: get_active_transfers {} @ http://localhost:5173/src/main.js:35
[     468ms] [WARNING] [Mock IPC] Unknown command: get_active_transfers @ http://localhost:5173/src/main.js:182
[     470ms] [LOG] [Mock IPC] Invoked: pty_spawn {id: main_pty_session, cols: 80, rows: 24, shell: null} @ http://localhost:5173/src/main.js:35
[     470ms] [WARNING] [Mock IPC] Unknown command: pty_spawn @ http://localhost:5173/src/main.js:182
[     493ms] [WARNING] An iframe which has both allow-scripts and allow-same-origin for its sandbox attribute can escape its sandboxing. @ about:blank:0
[     666ms] [ERROR] Failed to load resource: the server responded with a status of 404 (Not Found) @ http://localhost:5173/favicon.ico:0
[    5470ms] [LOG] [Mock IPC] Invoked: send_tunnel_request {request: {"type":"run_cmd","command":"whoami"}} @ http://localhost:5173/src/main.js:35
[    5470ms] [WARNING] [Mock IPC] Unknown command: send_tunnel_request @ http://localhost:5173/src/main.js:182
[   10470ms] [LOG] [Mock IPC] Invoked: send_tunnel_request {request: {"type":"run_cmd","command":"whoami"}} @ http://localhost:5173/src/main.js:35
[   10470ms] [WARNING] [Mock IPC] Unknown command: send_tunnel_request @ http://localhost:5173/src/main.js:182
[   10993ms] [LOG] [Mock IPC] Invoked: pty_kill {id: main_pty_session} @ http://localhost:5173/src/main.js:35
[   10993ms] [WARNING] [Mock IPC] Unknown command: pty_kill @ http://localhost:5173/src/main.js:182
[   10993ms] [LOG] [Mock IPC] Invoked: pty_spawn {id: main_pty_session, cols: 145, rows: 61, shell: null} @ http://localhost:5173/src/main.js:35
[   10993ms] [WARNING] [Mock IPC] Unknown command: pty_spawn @ http://localhost:5173/src/main.js:182
[   14476ms] [LOG] [Mock IPC] Invoked: pty_write {id: main_pty_session, data: h} @ http://localhost:5173/src/main.js:35
[   14476ms] [WARNING] [Mock IPC] Unknown command: pty_write @ http://localhost:5173/src/main.js:182
[   14660ms] [LOG] [Mock IPC] Invoked: pty_write {id: main_pty_session, data: e} @ http://localhost:5173/src/main.js:35
[   14660ms] [WARNING] [Mock IPC] Unknown command: pty_write @ http://localhost:5173/src/main.js:182
[   15469ms] [LOG] [Mock IPC] Invoked: send_tunnel_request {request: {"type":"run_cmd","command":"whoami"}} @ http://localhost:5173/src/main.js:35
[   15469ms] [WARNING] [Mock IPC] Unknown command: send_tunnel_request @ http://localhost:5173/src/main.js:182
[   17356ms] [LOG] [Mock IPC] Invoked: pty_write {id: main_pty_session, data: h} @ http://localhost:5173/src/main.js:35
[   17356ms] [WARNING] [Mock IPC] Unknown command: pty_write @ http://localhost:5173/src/main.js:182
[   17715ms] [LOG] [Mock IPC] Invoked: pty_write {id: main_pty_session, data: e} @ http://localhost:5173/src/main.js:35
[   17715ms] [WARNING] [Mock IPC] Unknown command: pty_write @ http://localhost:5173/src/main.js:182
[   18151ms] [LOG] [Mock IPC] Invoked: pty_write {id: main_pty_session, data: l} @ http://localhost:5173/src/main.js:35
[   18151ms] [WARNING] [Mock IPC] Unknown command: pty_write @ http://localhost:5173/src/main.js:182
[   18532ms] [LOG] [Mock IPC] Invoked: pty_write {id: main_pty_session, data: p} @ http://localhost:5173/src/main.js:35
[   18532ms] [WARNING] [Mock IPC] Unknown command: pty_write @ http://localhost:5173/src/main.js:182
[   20470ms] [LOG] [Mock IPC] Invoked: send_tunnel_request {request: {"type":"run_cmd","command":"whoami"}} @ http://localhost:5173/src/main.js:35
[   20470ms] [WARNING] [Mock IPC] Unknown command: send_tunnel_request @ http://localhost:5173/src/main.js:182
[   25469ms] [LOG] [Mock IPC] Invoked: send_tunnel_request {request: {"type":"run_cmd","command":"whoami"}} @ http://localhost:5173/src/main.js:35
[   25469ms] [WARNING] [Mock IPC] Unknown command: send_tunnel_request @ http://localhost:5173/src/main.js:182
[   27597ms] [LOG] [Mock IPC] Invoked: start_tunnel_server {} @ http://localhost:5173/src/main.js:35
[   27597ms] [WARNING] [Mock IPC] Unknown command: start_tunnel_server @ http://localhost:5173/src/main.js:182
[   28098ms] [LOG] [Mock IPC] Invoked: send_tunnel_request {request: {"type":"run_cmd","command":"whoami"}} @ http://localhost:5173/src/main.js:35
[   28098ms] [WARNING] [Mock IPC] Unknown command: send_tunnel_request @ http://localhost:5173/src/main.js:182
[   30469ms] [LOG] [Mock IPC] Invoked: send_tunnel_request {request: {"type":"run_cmd","command":"whoami"}} @ http://localhost:5173/src/main.js:35
[   30469ms] [WARNING] [Mock IPC] Unknown command: send_tunnel_request @ http://localhost:5173/src/main.js:182
[   30672ms] [LOG] [Mock IPC] Invoked: send_tunnel_request {request: {"type":"run_cmd","command":"whoami"}} @ http://localhost:5173/src/main.js:35
[   30676ms] [WARNING] [Mock IPC] Unknown command: send_tunnel_request @ http://localhost:5173/src/main.js:182
[   35472ms] [LOG] [Mock IPC] Invoked: send_tunnel_request {request: {"type":"run_cmd","command":"whoami"}} @ http://localhost:5173/src/main.js:35
[   35472ms] [WARNING] [Mock IPC] Unknown command: send_tunnel_request @ http://localhost:5173/src/main.js:182
[   40469ms] [LOG] [Mock IPC] Invoked: send_tunnel_request {request: {"type":"run_cmd","command":"whoami"}} @ http://localhost:5173/src/main.js:35
[   40469ms] [WARNING] [Mock IPC] Unknown command: send_tunnel_request @ http://localhost:5173/src/main.js:182
[   45474ms] [LOG] [Mock IPC] Invoked: send_tunnel_request {request: {"type":"run_cmd","command":"whoami"}} @ http://localhost:5173/src/main.js:35
[   45474ms] [WARNING] [Mock IPC] Unknown command: send_tunnel_request @ http://localhost:5173/src/main.js:182
[   50469ms] [LOG] [Mock IPC] Invoked: send_tunnel_request {request: {"type":"run_cmd","command":"whoami"}} @ http://localhost:5173/src/main.js:35
[   50469ms] [WARNING] [Mock IPC] Unknown command: send_tunnel_request @ http://localhost:5173/src/main.js:182
[   50866ms] [LOG] [Mock IPC] Invoked: send_command {prompt: hello} @ http://localhost:5173/src/main.js:35
[   52368ms] [LOG] [Mock IPC] Invoked: speak_text {text: Hello! This is a simulated stream response from NE…ECK.

You sent: "hello".

Let's test code output:} @ http://localhost:5173/src/main.js:35
[   52368ms] [LOG] [Mock TTS] Speaking: Hello! This is a simulated stream response from NEURODECK.

You sent: "hello".

Let's test code output: @ http://localhost:5173/src/main.js:94
[   52368ms] [LOG] [Mock IPC] Invoked: list_sessions {} @ http://localhost:5173/src/main.js:35
[   55473ms] [LOG] [Mock IPC] Invoked: send_tunnel_request {request: {"type":"run_cmd","command":"whoami"}} @ http://localhost:5173/src/main.js:35
[   55473ms] [WARNING] [Mock IPC] Unknown command: send_tunnel_request @ http://localhost:5173/src/main.js:182
[   60473ms] [LOG] [Mock IPC] Invoked: send_tunnel_request {request: {"type":"run_cmd","command":"whoami"}} @ http://localhost:5173/src/main.js:35
[   60473ms] [WARNING] [Mock IPC] Unknown command: send_tunnel_request @ http://localhost:5173/src/main.js:182
[   65469ms] [LOG] [Mock IPC] Invoked: send_tunnel_request {request: {"type":"run_cmd","command":"whoami"}} @ http://localhost:5173/src/main.js:35
[   65469ms] [WARNING] [Mock IPC] Unknown command: send_tunnel_request @ http://localhost:5173/src/main.js:182
[   70473ms] [LOG] [Mock IPC] Invoked: send_tunnel_request {request: {"type":"run_cmd","command":"whoami"}} @ http://localhost:5173/src/main.js:35
[   70473ms] [WARNING] [Mock IPC] Unknown command: send_tunnel_request @ http://localhost:5173/src/main.js:182
[   75472ms] [LOG] [Mock IPC] Invoked: send_tunnel_request {request: {"type":"run_cmd","command":"whoami"}} @ http://localhost:5173/src/main.js:35
[   75472ms] [WARNING] [Mock IPC] Unknown command: send_tunnel_request @ http://localhost:5173/src/main.js:182
[   80473ms] [LOG] [Mock IPC] Invoked: send_tunnel_request {request: {"type":"run_cmd","command":"whoami"}} @ http://localhost:5173/src/main.js:35
[   80473ms] [WARNING] [Mock IPC] Unknown command: send_tunnel_request @ http://localhost:5173/src/main.js:182
[   85472ms] [LOG] [Mock IPC] Invoked: send_tunnel_request {request: {"type":"run_cmd","command":"whoami"}} @ http://localhost:5173/src/main.js:35
[   85472ms] [WARNING] [Mock IPC] Unknown command: send_tunnel_request @ http://localhost:5173/src/main.js:182
[   90471ms] [LOG] [Mock IPC] Invoked: send_tunnel_request {request: {"type":"run_cmd","command":"whoami"}} @ http://localhost:5173/src/main.js:35
[   90471ms] [WARNING] [Mock IPC] Unknown command: send_tunnel_request @ http://localhost:5173/src/main.js:182
[   95471ms] [LOG] [Mock IPC] Invoked: send_tunnel_request {request: {"type":"run_cmd","command":"whoami"}} @ http://localhost:5173/src/main.js:35
[   95472ms] [WARNING] [Mock IPC] Unknown command: send_tunnel_request @ http://localhost:5173/src/main.js:182
[  100471ms] [LOG] [Mock IPC] Invoked: send_tunnel_request {request: {"type":"run_cmd","command":"whoami"}} @ http://localhost:5173/src/main.js:35
[  100471ms] [WARNING] [Mock IPC] Unknown command: send_tunnel_request @ http://localhost:5173/src/main.js:182
[  105471ms] [LOG] [Mock IPC] Invoked: send_tunnel_request {request: {"type":"run_cmd","command":"whoami"}} @ http://localhost:5173/src/main.js:35
[  105471ms] [WARNING] [Mock IPC] Unknown command: send_tunnel_request @ http://localhost:5173/src/main.js:182
[  110469ms] [LOG] [Mock IPC] Invoked: send_tunnel_request {request: {"type":"run_cmd","command":"whoami"}} @ http://localhost:5173/src/main.js:35
[  110469ms] [WARNING] [Mock IPC] Unknown command: send_tunnel_request @ http://localhost:5173/src/main.js:182
[  115471ms] [LOG] [Mock IPC] Invoked: send_tunnel_request {request: {"type":"run_cmd","command":"whoami"}} @ http://localhost:5173/src/main.js:35
[  115471ms] [WARNING] [Mock IPC] Unknown command: send_tunnel_request @ http://localhost:5173/src/main.js:182
[  120470ms] [LOG] [Mock IPC] Invoked: send_tunnel_request {request: {"type":"run_cmd","command":"whoami"}} @ http://localhost:5173/src/main.js:35
[  120470ms] [WARNING] [Mock IPC] Unknown command: send_tunnel_request @ http://localhost:5173/src/main.js:182
[  125470ms] [LOG] [Mock IPC] Invoked: send_tunnel_request {request: {"type":"run_cmd","command":"whoami"}} @ http://localhost:5173/src/main.js:35
[  125470ms] [WARNING] [Mock IPC] Unknown command: send_tunnel_request @ http://localhost:5173/src/main.js:182
[  130470ms] [LOG] [Mock IPC] Invoked: send_tunnel_request {request: {"type":"run_cmd","command":"whoami"}} @ http://localhost:5173/src/main.js:35
[  130470ms] [WARNING] [Mock IPC] Unknown command: send_tunnel_request @ http://localhost:5173/src/main.js:182
[  135470ms] [LOG] [Mock IPC] Invoked: send_tunnel_request {request: {"type":"run_cmd","command":"whoami"}} @ http://localhost:5173/src/main.js:35
[  135470ms] [WARNING] [Mock IPC] Unknown command: send_tunnel_request @ http://localhost:5173/src/main.js:182
[  140470ms] [LOG] [Mock IPC] Invoked: send_tunnel_request {request: {"type":"run_cmd","command":"whoami"}} @ http://localhost:5173/src/main.js:35
[  140470ms] [WARNING] [Mock IPC] Unknown command: send_tunnel_request @ http://localhost:5173/src/main.js:182
[  145469ms] [LOG] [Mock IPC] Invoked: send_tunnel_request {request: {"type":"run_cmd","command":"whoami"}} @ http://localhost:5173/src/main.js:35
[  145469ms] [WARNING] [Mock IPC] Unknown command: send_tunnel_request @ http://localhost:5173/src/main.js:182
[  150469ms] [LOG] [Mock IPC] Invoked: send_tunnel_request {request: {"type":"run_cmd","command":"whoami"}} @ http://localhost:5173/src/main.js:35
[  150470ms] [WARNING] [Mock IPC] Unknown command: send_tunnel_request @ http://localhost:5173/src/main.js:182
[  151994ms] [LOG] [Mock IPC] Invoked: send_command {prompt: tell me about the Steam Deck} @ http://localhost:5173/src/main.js:35
[  153695ms] [LOG] [Mock IPC] Invoked: speak_text {text: Hello! This is a simulated stream response from NE…e about the Steam Deck".

Let's test code output:} @ http://localhost:5173/src/main.js:35
[  153695ms] [LOG] [Mock TTS] Speaking: Hello! This is a simulated stream response from NEURODECK.

You sent: "tell me about the Steam Deck".

Let's test code output: @ http://localhost:5173/src/main.js:94
[  153695ms] [LOG] [Mock IPC] Invoked: list_sessions {} @ http://localhost:5173/src/main.js:35
[  155469ms] [LOG] [Mock IPC] Invoked: send_tunnel_request {request: {"type":"run_cmd","command":"whoami"}} @ http://localhost:5173/src/main.js:35
[  155469ms] [WARNING] [Mock IPC] Unknown command: send_tunnel_request @ http://localhost:5173/src/main.js:182
[  160468ms] [LOG] [Mock IPC] Invoked: send_tunnel_request {request: {"type":"run_cmd","command":"whoami"}} @ http://localhost:5173/src/main.js:35
[  160469ms] [WARNING] [Mock IPC] Unknown command: send_tunnel_request @ http://localhost:5173/src/main.js:182
[  165468ms] [LOG] [Mock IPC] Invoked: send_tunnel_request {request: {"type":"run_cmd","command":"whoami"}} @ http://localhost:5173/src/main.js:35
[  165469ms] [WARNING] [Mock IPC] Unknown command: send_tunnel_request @ http://localhost:5173/src/main.js:182
[  170475ms] [LOG] [Mock IPC] Invoked: send_tunnel_request {request: {"type":"run_cmd","command":"whoami"}} @ http://localhost:5173/src/main.js:35
[  170475ms] [WARNING] [Mock IPC] Unknown command: send_tunnel_request @ http://localhost:5173/src/main.js:182
[  175471ms] [LOG] [Mock IPC] Invoked: send_tunnel_request {request: {"type":"run_cmd","command":"whoami"}} @ http://localhost:5173/src/main.js:35
[  175472ms] [WARNING] [Mock IPC] Unknown command: send_tunnel_request @ http://localhost:5173/src/main.js:182
[  180473ms] [LOG] [Mock IPC] Invoked: send_tunnel_request {request: {"type":"run_cmd","command":"whoami"}} @ http://localhost:5173/src/main.js:35
[  180474ms] [WARNING] [Mock IPC] Unknown command: send_tunnel_request @ http://localhost:5173/src/main.js:182
[  185473ms] [LOG] [Mock IPC] Invoked: send_tunnel_request {request: {"type":"run_cmd","command":"whoami"}} @ http://localhost:5173/src/main.js:35
[  185473ms] [WARNING] [Mock IPC] Unknown command: send_tunnel_request @ http://localhost:5173/src/main.js:182
[  190474ms] [LOG] [Mock IPC] Invoked: send_tunnel_request {request: {"type":"run_cmd","command":"whoami"}} @ http://localhost:5173/src/main.js:35
[  190474ms] [WARNING] [Mock IPC] Unknown command: send_tunnel_request @ http://localhost:5173/src/main.js:182
[  195473ms] [LOG] [Mock IPC] Invoked: send_tunnel_request {request: {"type":"run_cmd","command":"whoami"}} @ http://localhost:5173/src/main.js:35
[  195473ms] [WARNING] [Mock IPC] Unknown command: send_tunnel_request @ http://localhost:5173/src/main.js:182
[  200472ms] [LOG] [Mock IPC] Invoked: send_tunnel_request {request: {"type":"run_cmd","command":"whoami"}} @ http://localhost:5173/src/main.js:35
[  200473ms] [WARNING] [Mock IPC] Unknown command: send_tunnel_request @ http://localhost:5173/src/main.js:182
[  204383ms] [LOG] [Mock IPC] Invoked: send_command {prompt: /discuss Amelia Winston what is the best way to architect the browser module} @ http://localhost:5173/src/main.js:35
[  205469ms] [LOG] [Mock IPC] Invoked: send_tunnel_request {request: {"type":"run_cmd","command":"whoami"}} @ http://localhost:5173/src/main.js:35
[  205469ms] [WARNING] [Mock IPC] Unknown command: send_tunnel_request @ http://localhost:5173/src/main.js:182
[  206485ms] [LOG] [Mock IPC] Invoked: speak_text {text: Roundtable discussion initiated:

Amelia (Dev): Le…cure.
Sally (UX): Ensure the console feels fluid.} @ http://localhost:5173/src/main.js:35
[  206485ms] [LOG] [Mock TTS] Speaking: Roundtable discussion initiated:

Amelia (Dev): Let's refactor the process stream.
Winston (Architect): Make sure the IPC channels are secure.
Sally (UX): Ensure the console feels fluid. @ http://localhost:5173/src/main.js:94
[  206485ms] [LOG] [Mock IPC] Invoked: list_sessions {} @ http://localhost:5173/src/main.js:35
[  210472ms] [LOG] [Mock IPC] Invoked: send_tunnel_request {request: {"type":"run_cmd","command":"whoami"}} @ http://localhost:5173/src/main.js:35
[  210472ms] [WARNING] [Mock IPC] Unknown command: send_tunnel_request @ http://localhost:5173/src/main.js:182
[  215470ms] [LOG] [Mock IPC] Invoked: send_tunnel_request {request: {"type":"run_cmd","command":"whoami"}} @ http://localhost:5173/src/main.js:35
[  215470ms] [WARNING] [Mock IPC] Unknown command: send_tunnel_request @ http://localhost:5173/src/main.js:182
[  220472ms] [LOG] [Mock IPC] Invoked: send_tunnel_request {request: {"type":"run_cmd","command":"whoami"}} @ http://localhost:5173/src/main.js:35
[  220472ms] [WARNING] [Mock IPC] Unknown command: send_tunnel_request @ http://localhost:5173/src/main.js:182
[  225471ms] [LOG] [Mock IPC] Invoked: send_tunnel_request {request: {"type":"run_cmd","command":"whoami"}} @ http://localhost:5173/src/main.js:35
[  225471ms] [WARNING] [Mock IPC] Unknown command: send_tunnel_request @ http://localhost:5173/src/main.js:182
[  230471ms] [LOG] [Mock IPC] Invoked: send_tunnel_request {request: {"type":"run_cmd","command":"whoami"}} @ http://localhost:5173/src/main.js:35
[  230471ms] [WARNING] [Mock IPC] Unknown command: send_tunnel_request @ http://localhost:5173/src/main.js:182
[  235471ms] [LOG] [Mock IPC] Invoked: send_tunnel_request {request: {"type":"run_cmd","command":"whoami"}} @ http://localhost:5173/src/main.js:35
[  235471ms] [WARNING] [Mock IPC] Unknown command: send_tunnel_request @ http://localhost:5173/src/main.js:182
[  240469ms] [LOG] [Mock IPC] Invoked: send_tunnel_request {request: {"type":"run_cmd","command":"whoami"}} @ http://localhost:5173/src/main.js:35
[  240469ms] [WARNING] [Mock IPC] Unknown command: send_tunnel_request @ http://localhost:5173/src/main.js:182
[  245470ms] [LOG] [Mock IPC] Invoked: send_tunnel_request {request: {"type":"run_cmd","command":"whoami"}} @ http://localhost:5173/src/main.js:35
[  245470ms] [WARNING] [Mock IPC] Unknown command: send_tunnel_request @ http://localhost:5173/src/main.js:182
[  250470ms] [LOG] [Mock IPC] Invoked: send_tunnel_request {request: {"type":"run_cmd","command":"whoami"}} @ http://localhost:5173/src/main.js:35
[  250470ms] [WARNING] [Mock IPC] Unknown command: send_tunnel_request @ http://localhost:5173/src/main.js:182
[  255471ms] [LOG] [Mock IPC] Invoked: send_tunnel_request {request: {"type":"run_cmd","command":"whoami"}} @ http://localhost:5173/src/main.js:35
[  255471ms] [WARNING] [Mock IPC] Unknown command: send_tunnel_request @ http://localhost:5173/src/main.js:182
[  260470ms] [LOG] [Mock IPC] Invoked: send_tunnel_request {request: {"type":"run_cmd","command":"whoami"}} @ http://localhost:5173/src/main.js:35
[  260470ms] [WARNING] [Mock IPC] Unknown command: send_tunnel_request @ http://localhost:5173/src/main.js:182
[  265469ms] [LOG] [Mock IPC] Invoked: send_tunnel_request {request: {"type":"run_cmd","command":"whoami"}} @ http://localhost:5173/src/main.js:35
[  265470ms] [WARNING] [Mock IPC] Unknown command: send_tunnel_request @ http://localhost:5173/src/main.js:182
[  270469ms] [LOG] [Mock IPC] Invoked: send_tunnel_request {request: {"type":"run_cmd","command":"whoami"}} @ http://localhost:5173/src/main.js:35
[  270469ms] [WARNING] [Mock IPC] Unknown command: send_tunnel_request @ http://localhost:5173/src/main.js:182
[  275469ms] [LOG] [Mock IPC] Invoked: send_tunnel_request {request: {"type":"run_cmd","command":"whoami"}} @ http://localhost:5173/src/main.js:35
[  275469ms] [WARNING] [Mock IPC] Unknown command: send_tunnel_request @ http://localhost:5173/src/main.js:182
[  280469ms] [LOG] [Mock IPC] Invoked: send_tunnel_request {request: {"type":"run_cmd","command":"whoami"}} @ http://localhost:5173/src/main.js:35
[  280469ms] [WARNING] [Mock IPC] Unknown command: send_tunnel_request @ http://localhost:5173/src/main.js:182
[  285468ms] [LOG] [Mock IPC] Invoked: send_tunnel_request {request: {"type":"run_cmd","command":"whoami"}} @ http://localhost:5173/src/main.js:35
[  285469ms] [WARNING] [Mock IPC] Unknown command: send_tunnel_request @ http://localhost:5173/src/main.js:182
[  290469ms] [LOG] [Mock IPC] Invoked: send_tunnel_request {request: {"type":"run_cmd","command":"whoami"}} @ http://localhost:5173/src/main.js:35
[  290469ms] [WARNING] [Mock IPC] Unknown command: send_tunnel_request @ http://localhost:5173/src/main.js:182
[  295475ms] [LOG] [Mock IPC] Invoked: send_tunnel_request {request: {"type":"run_cmd","command":"whoami"}} @ http://localhost:5173/src/main.js:35
[  295475ms] [WARNING] [Mock IPC] Unknown command: send_tunnel_request @ http://localhost:5173/src/main.js:182
[  300474ms] [LOG] [Mock IPC] Invoked: send_tunnel_request {request: {"type":"run_cmd","command":"whoami"}} @ http://localhost:5173/src/main.js:35
[  300474ms] [WARNING] [Mock IPC] Unknown command: send_tunnel_request @ http://localhost:5173/src/main.js:182
[  305471ms] [LOG] [Mock IPC] Invoked: send_tunnel_request {request: {"type":"run_cmd","command":"whoami"}} @ http://localhost:5173/src/main.js:35
[  305472ms] [WARNING] [Mock IPC] Unknown command: send_tunnel_request @ http://localhost:5173/src/main.js:182
[  310473ms] [LOG] [Mock IPC] Invoked: send_tunnel_request {request: {"type":"run_cmd","command":"whoami"}} @ http://localhost:5173/src/main.js:35
[  310473ms] [WARNING] [Mock IPC] Unknown command: send_tunnel_request @ http://localhost:5173/src/main.js:182
[  315473ms] [LOG] [Mock IPC] Invoked: send_tunnel_request {request: {"type":"run_cmd","command":"whoami"}} @ http://localhost:5173/src/main.js:35
[  315473ms] [WARNING] [Mock IPC] Unknown command: send_tunnel_request @ http://localhost:5173/src/main.js:182
[  320473ms] [LOG] [Mock IPC] Invoked: send_tunnel_request {request: {"type":"run_cmd","command":"whoami"}} @ http://localhost:5173/src/main.js:35
[  320473ms] [WARNING] [Mock IPC] Unknown command: send_tunnel_request @ http://localhost:5173/src/main.js:182
[  325473ms] [LOG] [Mock IPC] Invoked: send_tunnel_request {request: {"type":"run_cmd","command":"whoami"}} @ http://localhost:5173/src/main.js:35
[  325473ms] [WARNING] [Mock IPC] Unknown command: send_tunnel_request @ http://localhost:5173/src/main.js:182
[  330472ms] [LOG] [Mock IPC] Invoked: send_tunnel_request {request: {"type":"run_cmd","command":"whoami"}} @ http://localhost:5173/src/main.js:35
[  330473ms] [WARNING] [Mock IPC] Unknown command: send_tunnel_request @ http://localhost:5173/src/main.js:182
[  335472ms] [LOG] [Mock IPC] Invoked: send_tunnel_request {request: {"type":"run_cmd","command":"whoami"}} @ http://localhost:5173/src/main.js:35
[  335472ms] [WARNING] [Mock IPC] Unknown command: send_tunnel_request @ http://localhost:5173/src/main.js:182
[  340472ms] [LOG] [Mock IPC] Invoked: send_tunnel_request {request: {"type":"run_cmd","command":"whoami"}} @ http://localhost:5173/src/main.js:35
[  340472ms] [WARNING] [Mock IPC] Unknown command: send_tunnel_request @ http://localhost:5173/src/main.js:182
[  345472ms] [LOG] [Mock IPC] Invoked: send_tunnel_request {request: {"type":"run_cmd","command":"whoami"}} @ http://localhost:5173/src/main.js:35
[  345472ms] [WARNING] [Mock IPC] Unknown command: send_tunnel_request @ http://localhost:5173/src/main.js:182
[  350472ms] [LOG] [Mock IPC] Invoked: send_tunnel_request {request: {"type":"run_cmd","command":"whoami"}} @ http://localhost:5173/src/main.js:35
[  350472ms] [WARNING] [Mock IPC] Unknown command: send_tunnel_request @ http://localhost:5173/src/main.js:182
[  355470ms] [LOG] [Mock IPC] Invoked: send_tunnel_request {request: {"type":"run_cmd","command":"whoami"}} @ http://localhost:5173/src/main.js:35
[  355470ms] [WARNING] [Mock IPC] Unknown command: send_tunnel_request @ http://localhost:5173/src/main.js:182
[  360469ms] [LOG] [Mock IPC] Invoked: send_tunnel_request {request: {"type":"run_cmd","command":"whoami"}} @ http://localhost:5173/src/main.js:35
[  360469ms] [WARNING] [Mock IPC] Unknown command: send_tunnel_request @ http://localhost:5173/src/main.js:182
[  365472ms] [LOG] [Mock IPC] Invoked: send_tunnel_request {request: {"type":"run_cmd","command":"whoami"}} @ http://localhost:5173/src/main.js:35
[  365472ms] [WARNING] [Mock IPC] Unknown command: send_tunnel_request @ http://localhost:5173/src/main.js:182
[  370470ms] [LOG] [Mock IPC] Invoked: send_tunnel_request {request: {"type":"run_cmd","command":"whoami"}} @ http://localhost:5173/src/main.js:35
[  370471ms] [WARNING] [Mock IPC] Unknown command: send_tunnel_request @ http://localhost:5173/src/main.js:182
[  375470ms] [LOG] [Mock IPC] Invoked: send_tunnel_request {request: {"type":"run_cmd","command":"whoami"}} @ http://localhost:5173/src/main.js:35
[  375471ms] [WARNING] [Mock IPC] Unknown command: send_tunnel_request @ http://localhost:5173/src/main.js:182
[  380470ms] [LOG] [Mock IPC] Invoked: send_tunnel_request {request: {"type":"run_cmd","command":"whoami"}} @ http://localhost:5173/src/main.js:35
[  380470ms] [WARNING] [Mock IPC] Unknown command: send_tunnel_request @ http://localhost:5173/src/main.js:182
[  385470ms] [LOG] [Mock IPC] Invoked: send_tunnel_request {request: {"type":"run_cmd","command":"whoami"}} @ http://localhost:5173/src/main.js:35
[  385470ms] [WARNING] [Mock IPC] Unknown command: send_tunnel_request @ http://localhost:5173/src/main.js:182
[  390470ms] [LOG] [Mock IPC] Invoked: send_tunnel_request {request: {"type":"run_cmd","command":"whoami"}} @ http://localhost:5173/src/main.js:35
[  390470ms] [WARNING] [Mock IPC] Unknown command: send_tunnel_request @ http://localhost:5173/src/main.js:182
[  395469ms] [LOG] [Mock IPC] Invoked: send_tunnel_request {request: {"type":"run_cmd","command":"whoami"}} @ http://localhost:5173/src/main.js:35
[  395469ms] [WARNING] [Mock IPC] Unknown command: send_tunnel_request @ http://localhost:5173/src/main.js:182
[  400469ms] [LOG] [Mock IPC] Invoked: send_tunnel_request {request: {"type":"run_cmd","command":"whoami"}} @ http://localhost:5173/src/main.js:35
[  400469ms] [WARNING] [Mock IPC] Unknown command: send_tunnel_request @ http://localhost:5173/src/main.js:182
[  405469ms] [LOG] [Mock IPC] Invoked: send_tunnel_request {request: {"type":"run_cmd","command":"whoami"}} @ http://localhost:5173/src/main.js:35
[  405469ms] [WARNING] [Mock IPC] Unknown command: send_tunnel_request @ http://localhost:5173/src/main.js:182
[  410469ms] [LOG] [Mock IPC] Invoked: send_tunnel_request {request: {"type":"run_cmd","command":"whoami"}} @ http://localhost:5173/src/main.js:35
[  410469ms] [WARNING] [Mock IPC] Unknown command: send_tunnel_request @ http://localhost:5173/src/main.js:182
[  415468ms] [LOG] [Mock IPC] Invoked: send_tunnel_request {request: {"type":"run_cmd","command":"whoami"}} @ http://localhost:5173/src/main.js:35
[  415468ms] [WARNING] [Mock IPC] Unknown command: send_tunnel_request @ http://localhost:5173/src/main.js:182
[  420474ms] [LOG] [Mock IPC] Invoked: send_tunnel_request {request: {"type":"run_cmd","command":"whoami"}} @ http://localhost:5173/src/main.js:35
[  420474ms] [WARNING] [Mock IPC] Unknown command: send_tunnel_request @ http://localhost:5173/src/main.js:182
[  425472ms] [LOG] [Mock IPC] Invoked: send_tunnel_request {request: {"type":"run_cmd","command":"whoami"}} @ http://localhost:5173/src/main.js:35
[  425472ms] [WARNING] [Mock IPC] Unknown command: send_tunnel_request @ http://localhost:5173/src/main.js:182
[  427184ms] [ERROR] Framing 'https://html.duckduckgo.com/' violates the following Content Security Policy directive: "frame-ancestors 'self'". The request has been blocked.
 @ :0
[  430474ms] [LOG] [Mock IPC] Invoked: send_tunnel_request {request: {"type":"run_cmd","command":"whoami"}} @ http://localhost:5173/src/main.js:35
[  430474ms] [WARNING] [Mock IPC] Unknown command: send_tunnel_request @ http://localhost:5173/src/main.js:182
[  435474ms] [LOG] [Mock IPC] Invoked: send_tunnel_request {request: {"type":"run_cmd","command":"whoami"}} @ http://localhost:5173/src/main.js:35
[  435474ms] [WARNING] [Mock IPC] Unknown command: send_tunnel_request @ http://localhost:5173/src/main.js:182
[  440470ms] [LOG] [Mock IPC] Invoked: send_tunnel_request {request: {"type":"run_cmd","command":"whoami"}} @ http://localhost:5173/src/main.js:35
[  440470ms] [WARNING] [Mock IPC] Unknown command: send_tunnel_request @ http://localhost:5173/src/main.js:182
[  445473ms] [LOG] [Mock IPC] Invoked: send_tunnel_request {request: {"type":"run_cmd","command":"whoami"}} @ http://localhost:5173/src/main.js:35
[  445473ms] [WARNING] [Mock IPC] Unknown command: send_tunnel_request @ http://localhost:5173/src/main.js:182
[  450473ms] [LOG] [Mock IPC] Invoked: send_tunnel_request {request: {"type":"run_cmd","command":"whoami"}} @ http://localhost:5173/src/main.js:35
[  450473ms] [WARNING] [Mock IPC] Unknown command: send_tunnel_request @ http://localhost:5173/src/main.js:182
[  455469ms] [LOG] [Mock IPC] Invoked: send_tunnel_request {request: {"type":"run_cmd","command":"whoami"}} @ http://localhost:5173/src/main.js:35
[  455469ms] [WARNING] [Mock IPC] Unknown command: send_tunnel_request @ http://localhost:5173/src/main.js:182
[  460472ms] [LOG] [Mock IPC] Invoked: send_tunnel_request {request: {"type":"run_cmd","command":"whoami"}} @ http://localhost:5173/src/main.js:35
[  460472ms] [WARNING] [Mock IPC] Unknown command: send_tunnel_request @ http://localhost:5173/src/main.js:182
[  465471ms] [LOG] [Mock IPC] Invoked: send_tunnel_request {request: {"type":"run_cmd","command":"whoami"}} @ http://localhost:5173/src/main.js:35
[  465471ms] [WARNING] [Mock IPC] Unknown command: send_tunnel_request @ http://localhost:5173/src/main.js:182
[  466788ms] [WARNING] An iframe which has both allow-scripts and allow-same-origin for its sandbox attribute can escape its sandboxing. @ about:blank:0
[  470472ms] [LOG] [Mock IPC] Invoked: send_tunnel_request {request: {"type":"run_cmd","command":"whoami"}} @ http://localhost:5173/src/main.js:35
[  470472ms] [WARNING] [Mock IPC] Unknown command: send_tunnel_request @ http://localhost:5173/src/main.js:182
[  475472ms] [LOG] [Mock IPC] Invoked: send_tunnel_request {request: {"type":"run_cmd","command":"whoami"}} @ http://localhost:5173/src/main.js:35
[  475472ms] [WARNING] [Mock IPC] Unknown command: send_tunnel_request @ http://localhost:5173/src/main.js:182
[  480470ms] [LOG] [Mock IPC] Invoked: send_tunnel_request {request: {"type":"run_cmd","command":"whoami"}} @ http://localhost:5173/src/main.js:35
[  480470ms] [WARNING] [Mock IPC] Unknown command: send_tunnel_request @ http://localhost:5173/src/main.js:182
[  485471ms] [LOG] [Mock IPC] Invoked: send_tunnel_request {request: {"type":"run_cmd","command":"whoami"}} @ http://localhost:5173/src/main.js:35
[  485471ms] [WARNING] [Mock IPC] Unknown command: send_tunnel_request @ http://localhost:5173/src/main.js:182
[  490472ms] [LOG] [Mock IPC] Invoked: send_tunnel_request {request: {"type":"run_cmd","command":"whoami"}} @ http://localhost:5173/src/main.js:35
[  490472ms] [WARNING] [Mock IPC] Unknown command: send_tunnel_request @ http://localhost:5173/src/main.js:182
[  493852ms] [ERROR] Failed to load resource: net::ERR_NAME_NOT_RESOLVED @ https://cdn.webglstats.com/stat.js:0
[  493884ms] [ERROR] Permissions policy violation: accelerometer is not allowed in this document. @ https://mrdoob.com/projects/chromeexperiments/google-gravity/:1607
[  493884ms] [WARNING] The deviceorientation events are blocked by permissions policy. See https://github.com/w3c/webappsec-permissions-policy/blob/master/features.md#sensor-features @ https://mrdoob.com/projects/chromeexperiments/google-gravity/:1607
[  495470ms] [LOG] [Mock IPC] Invoked: send_tunnel_request {request: {"type":"run_cmd","command":"whoami"}} @ http://localhost:5173/src/main.js:35
[  495470ms] [WARNING] [Mock IPC] Unknown command: send_tunnel_request @ http://localhost:5173/src/main.js:182
[  500470ms] [LOG] [Mock IPC] Invoked: send_tunnel_request {request: {"type":"run_cmd","command":"whoami"}} @ http://localhost:5173/src/main.js:35
[  500471ms] [WARNING] [Mock IPC] Unknown command: send_tunnel_request @ http://localhost:5173/src/main.js:182
[  505470ms] [LOG] [Mock IPC] Invoked: send_tunnel_request {request: {"type":"run_cmd","command":"whoami"}} @ http://localhost:5173/src/main.js:35
[  505470ms] [WARNING] [Mock IPC] Unknown command: send_tunnel_request @ http://localhost:5173/src/main.js:182
[  510470ms] [LOG] [Mock IPC] Invoked: send_tunnel_request {request: {"type":"run_cmd","command":"whoami"}} @ http://localhost:5173/src/main.js:35
[  510470ms] [WARNING] [Mock IPC] Unknown command: send_tunnel_request @ http://localhost:5173/src/main.js:182
[  515470ms] [LOG] [Mock IPC] Invoked: send_tunnel_request {request: {"type":"run_cmd","command":"whoami"}} @ http://localhost:5173/src/main.js:35
[  515470ms] [WARNING] [Mock IPC] Unknown command: send_tunnel_request @ http://localhost:5173/src/main.js:182
[  520469ms] [LOG] [Mock IPC] Invoked: send_tunnel_request {request: {"type":"run_cmd","command":"whoami"}} @ http://localhost:5173/src/main.js:35
[  520470ms] [WARNING] [Mock IPC] Unknown command: send_tunnel_request @ http://localhost:5173/src/main.js:182
[  525469ms] [LOG] [Mock IPC] Invoked: send_tunnel_request {request: {"type":"run_cmd","command":"whoami"}} @ http://localhost:5173/src/main.js:35
[  525469ms] [WARNING] [Mock IPC] Unknown command: send_tunnel_request @ http://localhost:5173/src/main.js:182
[  530469ms] [LOG] [Mock IPC] Invoked: send_tunnel_request {request: {"type":"run_cmd","command":"whoami"}} @ http://localhost:5173/src/main.js:35
[  530469ms] [WARNING] [Mock IPC] Unknown command: send_tunnel_request @ http://localhost:5173/src/main.js:182
[  535469ms] [LOG] [Mock IPC] Invoked: send_tunnel_request {request: {"type":"run_cmd","command":"whoami"}} @ http://localhost:5173/src/main.js:35
[  535469ms] [WARNING] [Mock IPC] Unknown command: send_tunnel_request @ http://localhost:5173/src/main.js:182
[  540469ms] [LOG] [Mock IPC] Invoked: send_tunnel_request {request: {"type":"run_cmd","command":"whoami"}} @ http://localhost:5173/src/main.js:35
[  540469ms] [WARNING] [Mock IPC] Unknown command: send_tunnel_request @ http://localhost:5173/src/main.js:182
[  545468ms] [LOG] [Mock IPC] Invoked: send_tunnel_request {request: {"type":"run_cmd","command":"whoami"}} @ http://localhost:5173/src/main.js:35
[  545468ms] [WARNING] [Mock IPC] Unknown command: send_tunnel_request @ http://localhost:5173/src/main.js:182
[  550474ms] [LOG] [Mock IPC] Invoked: send_tunnel_request {request: {"type":"run_cmd","command":"whoami"}} @ http://localhost:5173/src/main.js:35
[  550474ms] [WARNING] [Mock IPC] Unknown command: send_tunnel_request @ http://localhost:5173/src/main.js:182
[  555474ms] [LOG] [Mock IPC] Invoked: send_tunnel_request {request: {"type":"run_cmd","command":"whoami"}} @ http://localhost:5173/src/main.js:35
[  555474ms] [WARNING] [Mock IPC] Unknown command: send_tunnel_request @ http://localhost:5173/src/main.js:182
[  560470ms] [LOG] [Mock IPC] Invoked: send_tunnel_request {request: {"type":"run_cmd","command":"whoami"}} @ http://localhost:5173/src/main.js:35
[  560470ms] [WARNING] [Mock IPC] Unknown command: send_tunnel_request @ http://localhost:5173/src/main.js:182
[  565473ms] [LOG] [Mock IPC] Invoked: send_tunnel_request {request: {"type":"run_cmd","command":"whoami"}} @ http://localhost:5173/src/main.js:35
[  565473ms] [WARNING] [Mock IPC] Unknown command: send_tunnel_request @ http://localhost:5173/src/main.js:182
[  570473ms] [LOG] [Mock IPC] Invoked: send_tunnel_request {request: {"type":"run_cmd","command":"whoami"}} @ http://localhost:5173/src/main.js:35
[  570473ms] [WARNING] [Mock IPC] Unknown command: send_tunnel_request @ http://localhost:5173/src/main.js:182
[  575473ms] [LOG] [Mock IPC] Invoked: send_tunnel_request {request: {"type":"run_cmd","command":"whoami"}} @ http://localhost:5173/src/main.js:35
[  575473ms] [WARNING] [Mock IPC] Unknown command: send_tunnel_request @ http://localhost:5173/src/main.js:182
[  580473ms] [LOG] [Mock IPC] Invoked: send_tunnel_request {request: {"type":"run_cmd","command":"whoami"}} @ http://localhost:5173/src/main.js:35
[  580473ms] [WARNING] [Mock IPC] Unknown command: send_tunnel_request @ http://localhost:5173/src/main.js:182
[  585470ms] [LOG] [Mock IPC] Invoked: send_tunnel_request {request: {"type":"run_cmd","command":"whoami"}} @ http://localhost:5173/src/main.js:35
[  585470ms] [WARNING] [Mock IPC] Unknown command: send_tunnel_request @ http://localhost:5173/src/main.js:182
[  590472ms] [LOG] [Mock IPC] Invoked: send_tunnel_request {request: {"type":"run_cmd","command":"whoami"}} @ http://localhost:5173/src/main.js:35
[  590472ms] [WARNING] [Mock IPC] Unknown command: send_tunnel_request @ http://localhost:5173/src/main.js:182
[  595472ms] [LOG] [Mock IPC] Invoked: send_tunnel_request {request: {"type":"run_cmd","command":"whoami"}} @ http://localhost:5173/src/main.js:35
[  595472ms] [WARNING] [Mock IPC] Unknown command: send_tunnel_request @ http://localhost:5173/src/main.js:182
[  600470ms] [LOG] [Mock IPC] Invoked: send_tunnel_request {request: {"type":"run_cmd","command":"whoami"}} @ http://localhost:5173/src/main.js:35
[  600470ms] [WARNING] [Mock IPC] Unknown command: send_tunnel_request @ http://localhost:5173/src/main.js:182
[  605472ms] [LOG] [Mock IPC] Invoked: send_tunnel_request {request: {"type":"run_cmd","command":"whoami"}} @ http://localhost:5173/src/main.js:35
[  605472ms] [WARNING] [Mock IPC] Unknown command: send_tunnel_request @ http://localhost:5173/src/main.js:182
[  610471ms] [LOG] [Mock IPC] Invoked: send_tunnel_request {request: {"type":"run_cmd","command":"whoami"}} @ http://localhost:5173/src/main.js:35
[  610471ms] [WARNING] [Mock IPC] Unknown command: send_tunnel_request @ http://localhost:5173/src/main.js:182
[  615471ms] [LOG] [Mock IPC] Invoked: send_tunnel_request {request: {"type":"run_cmd","command":"whoami"}} @ http://localhost:5173/src/main.js:35
[  615471ms] [WARNING] [Mock IPC] Unknown command: send_tunnel_request @ http://localhost:5173/src/main.js:182
[  620471ms] [LOG] [Mock IPC] Invoked: send_tunnel_request {request: {"type":"run_cmd","command":"whoami"}} @ http://localhost:5173/src/main.js:35
[  620471ms] [WARNING] [Mock IPC] Unknown command: send_tunnel_request @ http://localhost:5173/src/main.js:182
[  625470ms] [LOG] [Mock IPC] Invoked: send_tunnel_request {request: {"type":"run_cmd","command":"whoami"}} @ http://localhost:5173/src/main.js:35
[  625471ms] [WARNING] [Mock IPC] Unknown command: send_tunnel_request @ http://localhost:5173/src/main.js:182
[  630470ms] [LOG] [Mock IPC] Invoked: send_tunnel_request {request: {"type":"run_cmd","command":"whoami"}} @ http://localhost:5173/src/main.js:35
[  630470ms] [WARNING] [Mock IPC] Unknown command: send_tunnel_request @ http://localhost:5173/src/main.js:182
[  632607ms] [LOG] [Mock IPC] Invoked: get_personas {} @ http://localhost:5173/src/main.js:35
[  632607ms] [LOG] [Mock IPC] Invoked: get_themes {} @ http://localhost:5173/src/main.js:35
[  635470ms] [LOG] [Mock IPC] Invoked: send_tunnel_request {request: {"type":"run_cmd","command":"whoami"}} @ http://localhost:5173/src/main.js:35
[  635470ms] [WARNING] [Mock IPC] Unknown command: send_tunnel_request @ http://localhost:5173/src/main.js:182
[  640469ms] [LOG] [Mock IPC] Invoked: send_tunnel_request {request: {"type":"run_cmd","command":"whoami"}} @ http://localhost:5173/src/main.js:35
[  640469ms] [WARNING] [Mock IPC] Unknown command: send_tunnel_request @ http://localhost:5173/src/main.js:182
[  645470ms] [LOG] [Mock IPC] Invoked: send_tunnel_request {request: {"type":"run_cmd","command":"whoami"}} @ http://localhost:5173/src/main.js:35
[  645470ms] [WARNING] [Mock IPC] Unknown command: send_tunnel_request @ http://localhost:5173/src/main.js:182
[  650469ms] [LOG] [Mock IPC] Invoked: send_tunnel_request {request: {"type":"run_cmd","command":"whoami"}} @ http://localhost:5173/src/main.js:35
[  650470ms] [WARNING] [Mock IPC] Unknown command: send_tunnel_request @ http://localhost:5173/src/main.js:182
[  655469ms] [LOG] [Mock IPC] Invoked: send_tunnel_request {request: {"type":"run_cmd","command":"whoami"}} @ http://localhost:5173/src/main.js:35
[  655469ms] [WARNING] [Mock IPC] Unknown command: send_tunnel_request @ http://localhost:5173/src/main.js:182
[  660469ms] [LOG] [Mock IPC] Invoked: send_tunnel_request {request: {"type":"run_cmd","command":"whoami"}} @ http://localhost:5173/src/main.js:35
[  660469ms] [WARNING] [Mock IPC] Unknown command: send_tunnel_request @ http://localhost:5173/src/main.js:182
[  665469ms] [LOG] [Mock IPC] Invoked: send_tunnel_request {request: {"type":"run_cmd","command":"whoami"}} @ http://localhost:5173/src/main.js:35
[  665469ms] [WARNING] [Mock IPC] Unknown command: send_tunnel_request @ http://localhost:5173/src/main.js:182
[  670468ms] [LOG] [Mock IPC] Invoked: send_tunnel_request {request: {"type":"run_cmd","command":"whoami"}} @ http://localhost:5173/src/main.js:35
[  670468ms] [WARNING] [Mock IPC] Unknown command: send_tunnel_request @ http://localhost:5173/src/main.js:182
[  675472ms] [LOG] [Mock IPC] Invoked: send_tunnel_request {request: {"type":"run_cmd","command":"whoami"}} @ http://localhost:5173/src/main.js:35
[  675472ms] [WARNING] [Mock IPC] Unknown command: send_tunnel_request @ http://localhost:5173/src/main.js:182
[  680474ms] [LOG] [Mock IPC] Invoked: send_tunnel_request {request: {"type":"run_cmd","command":"whoami"}} @ http://localhost:5173/src/main.js:35
[  680474ms] [WARNING] [Mock IPC] Unknown command: send_tunnel_request @ http://localhost:5173/src/main.js:182
[  685474ms] [LOG] [Mock IPC] Invoked: send_tunnel_request {request: {"type":"run_cmd","command":"whoami"}} @ http://localhost:5173/src/main.js:35
[  685474ms] [WARNING] [Mock IPC] Unknown command: send_tunnel_request @ http://localhost:5173/src/main.js:182
[  690472ms] [LOG] [Mock IPC] Invoked: send_tunnel_request {request: {"type":"run_cmd","command":"whoami"}} @ http://localhost:5173/src/main.js:35
[  690472ms] [WARNING] [Mock IPC] Unknown command: send_tunnel_request @ http://localhost:5173/src/main.js:182
[  695473ms] [LOG] [Mock IPC] Invoked: send_tunnel_request {request: {"type":"run_cmd","command":"whoami"}} @ http://localhost:5173/src/main.js:35
[  695473ms] [WARNING] [Mock IPC] Unknown command: send_tunnel_request @ http://localhost:5173/src/main.js:182
[  700473ms] [LOG] [Mock IPC] Invoked: send_tunnel_request {request: {"type":"run_cmd","command":"whoami"}} @ http://localhost:5173/src/main.js:35
[  700473ms] [WARNING] [Mock IPC] Unknown command: send_tunnel_request @ http://localhost:5173/src/main.js:182
[  705472ms] [LOG] [Mock IPC] Invoked: send_tunnel_request {request: {"type":"run_cmd","command":"whoami"}} @ http://localhost:5173/src/main.js:35
[  705472ms] [WARNING] [Mock IPC] Unknown command: send_tunnel_request @ http://localhost:5173/src/main.js:182
[  710472ms] [LOG] [Mock IPC] Invoked: send_tunnel_request {request: {"type":"run_cmd","command":"whoami"}} @ http://localhost:5173/src/main.js:35
[  710473ms] [WARNING] [Mock IPC] Unknown command: send_tunnel_request @ http://localhost:5173/src/main.js:182
[  715472ms] [LOG] [Mock IPC] Invoked: send_tunnel_request {request: {"type":"run_cmd","command":"whoami"}} @ http://localhost:5173/src/main.js:35
[  715472ms] [WARNING] [Mock IPC] Unknown command: send_tunnel_request @ http://localhost:5173/src/main.js:182
[  720469ms] [LOG] [Mock IPC] Invoked: send_tunnel_request {request: {"type":"run_cmd","command":"whoami"}} @ http://localhost:5173/src/main.js:35
[  720469ms] [WARNING] [Mock IPC] Unknown command: send_tunnel_request @ http://localhost:5173/src/main.js:182
[  725472ms] [LOG] [Mock IPC] Invoked: send_tunnel_request {request: {"type":"run_cmd","command":"whoami"}} @ http://localhost:5173/src/main.js:35
[  725472ms] [WARNING] [Mock IPC] Unknown command: send_tunnel_request @ http://localhost:5173/src/main.js:182
[  730471ms] [LOG] [Mock IPC] Invoked: send_tunnel_request {request: {"type":"run_cmd","command":"whoami"}} @ http://localhost:5173/src/main.js:35
[  730472ms] [WARNING] [Mock IPC] Unknown command: send_tunnel_request @ http://localhost:5173/src/main.js:182
[  735471ms] [LOG] [Mock IPC] Invoked: send_tunnel_request {request: {"type":"run_cmd","command":"whoami"}} @ http://localhost:5173/src/main.js:35
[  735471ms] [WARNING] [Mock IPC] Unknown command: send_tunnel_request @ http://localhost:5173/src/main.js:182
[  740471ms] [LOG] [Mock IPC] Invoked: send_tunnel_request {request: {"type":"run_cmd","command":"whoami"}} @ http://localhost:5173/src/main.js:35
[  740471ms] [WARNING] [Mock IPC] Unknown command: send_tunnel_request @ http://localhost:5173/src/main.js:182
[  745471ms] [LOG] [Mock IPC] Invoked: send_tunnel_request {request: {"type":"run_cmd","command":"whoami"}} @ http://localhost:5173/src/main.js:35
[  745471ms] [WARNING] [Mock IPC] Unknown command: send_tunnel_request @ http://localhost:5173/src/main.js:182
[  750471ms] [LOG] [Mock IPC] Invoked: send_tunnel_request {request: {"type":"run_cmd","command":"whoami"}} @ http://localhost:5173/src/main.js:35
[  750471ms] [WARNING] [Mock IPC] Unknown command: send_tunnel_request @ http://localhost:5173/src/main.js:182
[  755470ms] [LOG] [Mock IPC] Invoked: send_tunnel_request {request: {"type":"run_cmd","command":"whoami"}} @ http://localhost:5173/src/main.js:35
[  755470ms] [WARNING] [Mock IPC] Unknown command: send_tunnel_request @ http://localhost:5173/src/main.js:182
[  760470ms] [LOG] [Mock IPC] Invoked: send_tunnel_request {request: {"type":"run_cmd","command":"whoami"}} @ http://localhost:5173/src/main.js:35
[  760470ms] [WARNING] [Mock IPC] Unknown command: send_tunnel_request @ http://localhost:5173/src/main.js:182
[  765470ms] [LOG] [Mock IPC] Invoked: send_tunnel_request {request: {"type":"run_cmd","command":"whoami"}} @ http://localhost:5173/src/main.js:35
[  765470ms] [WARNING] [Mock IPC] Unknown command: send_tunnel_request @ http://localhost:5173/src/main.js:182
[  770470ms] [LOG] [Mock IPC] Invoked: send_tunnel_request {request: {"type":"run_cmd","command":"whoami"}} @ http://localhost:5173/src/main.js:35
[  770470ms] [WARNING] [Mock IPC] Unknown command: send_tunnel_request @ http://localhost:5173/src/main.js:182
[  775471ms] [LOG] [Mock IPC] Invoked: send_tunnel_request {request: {"type":"run_cmd","command":"whoami"}} @ http://localhost:5173/src/main.js:35
[  775471ms] [WARNING] [Mock IPC] Unknown command: send_tunnel_request @ http://localhost:5173/src/main.js:182
[  780469ms] [LOG] [Mock IPC] Invoked: send_tunnel_request {request: {"type":"run_cmd","command":"whoami"}} @ http://localhost:5173/src/main.js:35
[  780469ms] [WARNING] [Mock IPC] Unknown command: send_tunnel_request @ http://localhost:5173/src/main.js:182
[  785469ms] [LOG] [Mock IPC] Invoked: send_tunnel_request {request: {"type":"run_cmd","command":"whoami"}} @ http://localhost:5173/src/main.js:35
[  785469ms] [WARNING] [Mock IPC] Unknown command: send_tunnel_request @ http://localhost:5173/src/main.js:182
[  790469ms] [LOG] [Mock IPC] Invoked: send_tunnel_request {request: {"type":"run_cmd","command":"whoami"}} @ http://localhost:5173/src/main.js:35
[  790469ms] [WARNING] [Mock IPC] Unknown command: send_tunnel_request @ http://localhost:5173/src/main.js:182
[  795468ms] [LOG] [Mock IPC] Invoked: send_tunnel_request {request: {"type":"run_cmd","command":"whoami"}} @ http://localhost:5173/src/main.js:35
[  795469ms] [WARNING] [Mock IPC] Unknown command: send_tunnel_request @ http://localhost:5173/src/main.js:182
[  800473ms] [LOG] [Mock IPC] Invoked: send_tunnel_request {request: {"type":"run_cmd","command":"whoami"}} @ http://localhost:5173/src/main.js:35
[  800473ms] [WARNING] [Mock IPC] Unknown command: send_tunnel_request @ http://localhost:5173/src/main.js:182
[  805470ms] [LOG] [Mock IPC] Invoked: send_tunnel_request {request: {"type":"run_cmd","command":"whoami"}} @ http://localhost:5173/src/main.js:35
[  805470ms] [WARNING] [Mock IPC] Unknown command: send_tunnel_request @ http://localhost:5173/src/main.js:182
[  810474ms] [LOG] [Mock IPC] Invoked: send_tunnel_request {request: {"type":"run_cmd","command":"whoami"}} @ http://localhost:5173/src/main.js:35
[  810474ms] [WARNING] [Mock IPC] Unknown command: send_tunnel_request @ http://localhost:5173/src/main.js:182
[  815472ms] [LOG] [Mock IPC] Invoked: send_tunnel_request {request: {"type":"run_cmd","command":"whoami"}} @ http://localhost:5173/src/main.js:35
[  815473ms] [WARNING] [Mock IPC] Unknown command: send_tunnel_request @ http://localhost:5173/src/main.js:182
[  820473ms] [LOG] [Mock IPC] Invoked: send_tunnel_request {request: {"type":"run_cmd","command":"whoami"}} @ http://localhost:5173/src/main.js:35
[  820473ms] [WARNING] [Mock IPC] Unknown command: send_tunnel_request @ http://localhost:5173/src/main.js:182
[  825473ms] [LOG] [Mock IPC] Invoked: send_tunnel_request {request: {"type":"run_cmd","command":"whoami"}} @ http://localhost:5173/src/main.js:35
[  825473ms] [WARNING] [Mock IPC] Unknown command: send_tunnel_request @ http://localhost:5173/src/main.js:182
[  830469ms] [LOG] [Mock IPC] Invoked: send_tunnel_request {request: {"type":"run_cmd","command":"whoami"}} @ http://localhost:5173/src/main.js:35
[  830469ms] [WARNING] [Mock IPC] Unknown command: send_tunnel_request @ http://localhost:5173/src/main.js:182
[  835473ms] [LOG] [Mock IPC] Invoked: send_tunnel_request {request: {"type":"run_cmd","command":"whoami"}} @ http://localhost:5173/src/main.js:35
[  835473ms] [WARNING] [Mock IPC] Unknown command: send_tunnel_request @ http://localhost:5173/src/main.js:182
[  840472ms] [LOG] [Mock IPC] Invoked: send_tunnel_request {request: {"type":"run_cmd","command":"whoami"}} @ http://localhost:5173/src/main.js:35
[  840473ms] [WARNING] [Mock IPC] Unknown command: send_tunnel_request @ http://localhost:5173/src/main.js:182
[  845472ms] [LOG] [Mock IPC] Invoked: send_tunnel_request {request: {"type":"run_cmd","command":"whoami"}} @ http://localhost:5173/src/main.js:35
[  845472ms] [WARNING] [Mock IPC] Unknown command: send_tunnel_request @ http://localhost:5173/src/main.js:182
[  850472ms] [LOG] [Mock IPC] Invoked: send_tunnel_request {request: {"type":"run_cmd","command":"whoami"}} @ http://localhost:5173/src/main.js:35
[  850472ms] [WARNING] [Mock IPC] Unknown command: send_tunnel_request @ http://localhost:5173/src/main.js:182
[  855471ms] [LOG] [Mock IPC] Invoked: send_tunnel_request {request: {"type":"run_cmd","command":"whoami"}} @ http://localhost:5173/src/main.js:35
[  855471ms] [WARNING] [Mock IPC] Unknown command: send_tunnel_request @ http://localhost:5173/src/main.js:182
[  860469ms] [LOG] [Mock IPC] Invoked: send_tunnel_request {request: {"type":"run_cmd","command":"whoami"}} @ http://localhost:5173/src/main.js:35
[  860469ms] [WARNING] [Mock IPC] Unknown command: send_tunnel_request @ http://localhost:5173/src/main.js:182
[  865471ms] [LOG] [Mock IPC] Invoked: send_tunnel_request {request: {"type":"run_cmd","command":"whoami"}} @ http://localhost:5173/src/main.js:35
[  865471ms] [WARNING] [Mock IPC] Unknown command: send_tunnel_request @ http://localhost:5173/src/main.js:182
[  870471ms] [LOG] [Mock IPC] Invoked: send_tunnel_request {request: {"type":"run_cmd","command":"whoami"}} @ http://localhost:5173/src/main.js:35
[  870471ms] [WARNING] [Mock IPC] Unknown command: send_tunnel_request @ http://localhost:5173/src/main.js:182
[  875471ms] [LOG] [Mock IPC] Invoked: send_tunnel_request {request: {"type":"run_cmd","command":"whoami"}} @ http://localhost:5173/src/main.js:35
[  875471ms] [WARNING] [Mock IPC] Unknown command: send_tunnel_request @ http://localhost:5173/src/main.js:182
[  879310ms] [LOG] [Mock IPC] Invoked: set_theme {name: Nord} @ http://localhost:5173/src/main.js:35
[  880470ms] [LOG] [Mock IPC] Invoked: send_tunnel_request {request: {"type":"run_cmd","command":"whoami"}} @ http://localhost:5173/src/main.js:35
[  880470ms] [WARNING] [Mock IPC] Unknown command: send_tunnel_request @ http://localhost:5173/src/main.js:182
[  885471ms] [LOG] [Mock IPC] Invoked: send_tunnel_request {request: {"type":"run_cmd","command":"whoami"}} @ http://localhost:5173/src/main.js:35
[  885471ms] [WARNING] [Mock IPC] Unknown command: send_tunnel_request @ http://localhost:5173/src/main.js:182
[  890470ms] [LOG] [Mock IPC] Invoked: send_tunnel_request {request: {"type":"run_cmd","command":"whoami"}} @ http://localhost:5173/src/main.js:35
[  890470ms] [WARNING] [Mock IPC] Unknown command: send_tunnel_request @ http://localhost:5173/src/main.js:182
[  895470ms] [LOG] [Mock IPC] Invoked: send_tunnel_request {request: {"type":"run_cmd","command":"whoami"}} @ http://localhost:5173/src/main.js:35
[  895470ms] [WARNING] [Mock IPC] Unknown command: send_tunnel_request @ http://localhost:5173/src/main.js:182
[  900469ms] [LOG] [Mock IPC] Invoked: send_tunnel_request {request: {"type":"run_cmd","command":"whoami"}} @ http://localhost:5173/src/main.js:35
[  900470ms] [WARNING] [Mock IPC] Unknown command: send_tunnel_request @ http://localhost:5173/src/main.js:182
[  905469ms] [LOG] [Mock IPC] Invoked: send_tunnel_request {request: {"type":"run_cmd","command":"whoami"}} @ http://localhost:5173/src/main.js:35
[  905469ms] [WARNING] [Mock IPC] Unknown command: send_tunnel_request @ http://localhost:5173/src/main.js:182
[  910469ms] [LOG] [Mock IPC] Invoked: send_tunnel_request {request: {"type":"run_cmd","command":"whoami"}} @ http://localhost:5173/src/main.js:35
[  910469ms] [WARNING] [Mock IPC] Unknown command: send_tunnel_request @ http://localhost:5173/src/main.js:182
[  915469ms] [LOG] [Mock IPC] Invoked: send_tunnel_request {request: {"type":"run_cmd","command":"whoami"}} @ http://localhost:5173/src/main.js:35
[  915469ms] [WARNING] [Mock IPC] Unknown command: send_tunnel_request @ http://localhost:5173/src/main.js:182
[  920468ms] [LOG] [Mock IPC] Invoked: send_tunnel_request {request: {"type":"run_cmd","command":"whoami"}} @ http://localhost:5173/src/main.js:35
[  920469ms] [WARNING] [Mock IPC] Unknown command: send_tunnel_request @ http://localhost:5173/src/main.js:182
[  925468ms] [LOG] [Mock IPC] Invoked: send_tunnel_request {request: {"type":"run_cmd","command":"whoami"}} @ http://localhost:5173/src/main.js:35
[  925469ms] [WARNING] [Mock IPC] Unknown command: send_tunnel_request @ http://localhost:5173/src/main.js:182
[  930474ms] [LOG] [Mock IPC] Invoked: send_tunnel_request {request: {"type":"run_cmd","command":"whoami"}} @ http://localhost:5173/src/main.js:35
[  930474ms] [WARNING] [Mock IPC] Unknown command: send_tunnel_request @ http://localhost:5173/src/main.js:182
[  935472ms] [LOG] [Mock IPC] Invoked: send_tunnel_request {request: {"type":"run_cmd","command":"whoami"}} @ http://localhost:5173/src/main.js:35
[  935472ms] [WARNING] [Mock IPC] Unknown command: send_tunnel_request @ http://localhost:5173/src/main.js:182
[  940474ms] [LOG] [Mock IPC] Invoked: send_tunnel_request {request: {"type":"run_cmd","command":"whoami"}} @ http://localhost:5173/src/main.js:35
[  940474ms] [WARNING] [Mock IPC] Unknown command: send_tunnel_request @ http://localhost:5173/src/main.js:182
[  945473ms] [LOG] [Mock IPC] Invoked: send_tunnel_request {request: {"type":"run_cmd","command":"whoami"}} @ http://localhost:5173/src/main.js:35
[  945474ms] [WARNING] [Mock IPC] Unknown command: send_tunnel_request @ http://localhost:5173/src/main.js:182
[  950470ms] [LOG] [Mock IPC] Invoked: send_tunnel_request {request: {"type":"run_cmd","command":"whoami"}} @ http://localhost:5173/src/main.js:35
[  950470ms] [WARNING] [Mock IPC] Unknown command: send_tunnel_request @ http://localhost:5173/src/main.js:182
[  955473ms] [LOG] [Mock IPC] Invoked: send_tunnel_request {request: {"type":"run_cmd","command":"whoami"}} @ http://localhost:5173/src/main.js:35
[  955473ms] [WARNING] [Mock IPC] Unknown command: send_tunnel_request @ http://localhost:5173/src/main.js:182
[  960473ms] [LOG] [Mock IPC] Invoked: send_tunnel_request {request: {"type":"run_cmd","command":"whoami"}} @ http://localhost:5173/src/main.js:35
[  960473ms] [WARNING] [Mock IPC] Unknown command: send_tunnel_request @ http://localhost:5173/src/main.js:182
[  965446ms] [LOG] [Mock IPC] Invoked: get_personas {} @ http://localhost:5173/src/main.js:35
[  965446ms] [LOG] [Mock IPC] Invoked: get_themes {} @ http://localhost:5173/src/main.js:35
[  965473ms] [LOG] [Mock IPC] Invoked: send_tunnel_request {request: {"type":"run_cmd","command":"whoami"}} @ http://localhost:5173/src/main.js:35
[  965473ms] [WARNING] [Mock IPC] Unknown command: send_tunnel_request @ http://localhost:5173/src/main.js:182
[  970472ms] [LOG] [Mock IPC] Invoked: send_tunnel_request {request: {"type":"run_cmd","command":"whoami"}} @ http://localhost:5173/src/main.js:35
[  970472ms] [WARNING] [Mock IPC] Unknown command: send_tunnel_request @ http://localhost:5173/src/main.js:182
[  975472ms] [LOG] [Mock IPC] Invoked: send_tunnel_request {request: {"type":"run_cmd","command":"whoami"}} @ http://localhost:5173/src/main.js:35
[  975472ms] [WARNING] [Mock IPC] Unknown command: send_tunnel_request @ http://localhost:5173/src/main.js:182
[  980469ms] [LOG] [Mock IPC] Invoked: send_tunnel_request {request: {"type":"run_cmd","command":"whoami"}} @ http://localhost:5173/src/main.js:35
[  980469ms] [WARNING] [Mock IPC] Unknown command: send_tunnel_request @ http://localhost:5173/src/main.js:182
[  985472ms] [LOG] [Mock IPC] Invoked: send_tunnel_request {request: {"type":"run_cmd","command":"whoami"}} @ http://localhost:5173/src/main.js:35
[  985472ms] [WARNING] [Mock IPC] Unknown command: send_tunnel_request @ http://localhost:5173/src/main.js:182
[  989402ms] [LOG] [Mock IPC] Invoked: get_personas {} @ http://localhost:5173/src/main.js:35
[  989402ms] [LOG] [Mock IPC] Invoked: get_themes {} @ http://localhost:5173/src/main.js:35
[  990471ms] [LOG] [Mock IPC] Invoked: send_tunnel_request {request: {"type":"run_cmd","command":"whoami"}} @ http://localhost:5173/src/main.js:35
[  990471ms] [WARNING] [Mock IPC] Unknown command: send_tunnel_request @ http://localhost:5173/src/main.js:182
[  995469ms] [LOG] [Mock IPC] Invoked: send_tunnel_request {request: {"type":"run_cmd","command":"whoami"}} @ http://localhost:5173/src/main.js:35
[  995469ms] [WARNING] [Mock IPC] Unknown command: send_tunnel_request @ http://localhost:5173/src/main.js:182
[ 1000471ms] [LOG] [Mock IPC] Invoked: send_tunnel_request {request: {"type":"run_cmd","command":"whoami"}} @ http://localhost:5173/src/main.js:35
[ 1000471ms] [WARNING] [Mock IPC] Unknown command: send_tunnel_request @ http://localhost:5173/src/main.js:182
[ 1005480ms] [LOG] [Mock IPC] Invoked: send_tunnel_request {request: {"type":"run_cmd","command":"whoami"}} @ http://localhost:5173/src/main.js:35
[ 1005480ms] [WARNING] [Mock IPC] Unknown command: send_tunnel_request @ http://localhost:5173/src/main.js:182
[ 1009181ms] [LOG] [Mock IPC] Invoked: get_personas {} @ http://localhost:5173/src/main.js:35
[ 1009181ms] [LOG] [Mock IPC] Invoked: get_themes {} @ http://localhost:5173/src/main.js:35
[ 1010470ms] [LOG] [Mock IPC] Invoked: send_tunnel_request {request: {"type":"run_cmd","command":"whoami"}} @ http://localhost:5173/src/main.js:35
[ 1010470ms] [WARNING] [Mock IPC] Unknown command: send_tunnel_request @ http://localhost:5173/src/main.js:182
[ 1015469ms] [LOG] [Mock IPC] Invoked: send_tunnel_request {request: {"type":"run_cmd","command":"whoami"}} @ http://localhost:5173/src/main.js:35
[ 1015469ms] [WARNING] [Mock IPC] Unknown command: send_tunnel_request @ http://localhost:5173/src/main.js:182
[ 1020470ms] [LOG] [Mock IPC] Invoked: send_tunnel_request {request: {"type":"run_cmd","command":"whoami"}} @ http://localhost:5173/src/main.js:35
[ 1020471ms] [WARNING] [Mock IPC] Unknown command: send_tunnel_request @ http://localhost:5173/src/main.js:182
[ 1025470ms] [LOG] [Mock IPC] Invoked: send_tunnel_request {request: {"type":"run_cmd","command":"whoami"}} @ http://localhost:5173/src/main.js:35
[ 1025470ms] [WARNING] [Mock IPC] Unknown command: send_tunnel_request @ http://localhost:5173/src/main.js:182
[ 1030469ms] [LOG] [Mock IPC] Invoked: send_tunnel_request {request: {"type":"run_cmd","command":"whoami"}} @ http://localhost:5173/src/main.js:35
[ 1030470ms] [WARNING] [Mock IPC] Unknown command: send_tunnel_request @ http://localhost:5173/src/main.js:182
[ 1035469ms] [LOG] [Mock IPC] Invoked: send_tunnel_request {request: {"type":"run_cmd","command":"whoami"}} @ http://localhost:5173/src/main.js:35
[ 1035469ms] [WARNING] [Mock IPC] Unknown command: send_tunnel_request @ http://localhost:5173/src/main.js:182
[ 1040469ms] [LOG] [Mock IPC] Invoked: send_tunnel_request {request: {"type":"run_cmd","command":"whoami"}} @ http://localhost:5173/src/main.js:35
[ 1040469ms] [WARNING] [Mock IPC] Unknown command: send_tunnel_request @ http://localhost:5173/src/main.js:182
[ 1045469ms] [LOG] [Mock IPC] Invoked: send_tunnel_request {request: {"type":"run_cmd","command":"whoami"}} @ http://localhost:5173/src/main.js:35
[ 1045469ms] [WARNING] [Mock IPC] Unknown command: send_tunnel_request @ http://localhost:5173/src/main.js:182
[ 1050468ms] [LOG] [Mock IPC] Invoked: send_tunnel_request {request: {"type":"run_cmd","command":"whoami"}} @ http://localhost:5173/src/main.js:35
[ 1050469ms] [WARNING] [Mock IPC] Unknown command: send_tunnel_request @ http://localhost:5173/src/main.js:182
[ 1055474ms] [LOG] [Mock IPC] Invoked: send_tunnel_request {request: {"type":"run_cmd","command":"whoami"}} @ http://localhost:5173/src/main.js:35
[ 1055474ms] [WARNING] [Mock IPC] Unknown command: send_tunnel_request @ http://localhost:5173/src/main.js:182
[ 1060471ms] [LOG] [Mock IPC] Invoked: send_tunnel_request {request: {"type":"run_cmd","command":"whoami"}} @ http://localhost:5173/src/main.js:35
[ 1060471ms] [WARNING] [Mock IPC] Unknown command: send_tunnel_request @ http://localhost:5173/src/main.js:182
[ 1065474ms] [LOG] [Mock IPC] Invoked: send_tunnel_request {request: {"type":"run_cmd","command":"whoami"}} @ http://localhost:5173/src/main.js:35
[ 1065474ms] [WARNING] [Mock IPC] Unknown command: send_tunnel_request @ http://localhost:5173/src/main.js:182
[ 1070474ms] [LOG] [Mock IPC] Invoked: send_tunnel_request {request: {"type":"run_cmd","command":"whoami"}} @ http://localhost:5173/src/main.js:35
[ 1070474ms] [WARNING] [Mock IPC] Unknown command: send_tunnel_request @ http://localhost:5173/src/main.js:182
[ 1075473ms] [LOG] [Mock IPC] Invoked: send_tunnel_request {request: {"type":"run_cmd","command":"whoami"}} @ http://localhost:5173/src/main.js:35
[ 1075473ms] [WARNING] [Mock IPC] Unknown command: send_tunnel_request @ http://localhost:5173/src/main.js:182
[ 1080473ms] [LOG] [Mock IPC] Invoked: send_tunnel_request {request: {"type":"run_cmd","command":"whoami"}} @ http://localhost:5173/src/main.js:35
[ 1080473ms] [WARNING] [Mock IPC] Unknown command: send_tunnel_request @ http://localhost:5173/src/main.js:182
[ 1085469ms] [LOG] [Mock IPC] Invoked: send_tunnel_request {request: {"type":"run_cmd","command":"whoami"}} @ http://localhost:5173/src/main.js:35
[ 1085469ms] [WARNING] [Mock IPC] Unknown command: send_tunnel_request @ http://localhost:5173/src/main.js:182
[ 1090473ms] [LOG] [Mock IPC] Invoked: send_tunnel_request {request: {"type":"run_cmd","command":"whoami"}} @ http://localhost:5173/src/main.js:35
[ 1090473ms] [WARNING] [Mock IPC] Unknown command: send_tunnel_request @ http://localhost:5173/src/main.js:182
[ 1095473ms] [LOG] [Mock IPC] Invoked: send_tunnel_request {request: {"type":"run_cmd","command":"whoami"}} @ http://localhost:5173/src/main.js:35
[ 1095473ms] [WARNING] [Mock IPC] Unknown command: send_tunnel_request @ http://localhost:5173/src/main.js:182
[ 1100469ms] [LOG] [Mock IPC] Invoked: send_tunnel_request {request: {"type":"run_cmd","command":"whoami"}} @ http://localhost:5173/src/main.js:35
[ 1100469ms] [WARNING] [Mock IPC] Unknown command: send_tunnel_request @ http://localhost:5173/src/main.js:182
[ 1105472ms] [LOG] [Mock IPC] Invoked: send_tunnel_request {request: {"type":"run_cmd","command":"whoami"}} @ http://localhost:5173/src/main.js:35
[ 1105472ms] [WARNING] [Mock IPC] Unknown command: send_tunnel_request @ http://localhost:5173/src/main.js:182
[ 1110472ms] [LOG] [Mock IPC] Invoked: send_tunnel_request {request: {"type":"run_cmd","command":"whoami"}} @ http://localhost:5173/src/main.js:35
[ 1110472ms] [WARNING] [Mock IPC] Unknown command: send_tunnel_request @ http://localhost:5173/src/main.js:182
[ 1115471ms] [LOG] [Mock IPC] Invoked: send_tunnel_request {request: {"type":"run_cmd","command":"whoami"}} @ http://localhost:5173/src/main.js:35
[ 1115472ms] [WARNING] [Mock IPC] Unknown command: send_tunnel_request @ http://localhost:5173/src/main.js:182
[ 1120471ms] [LOG] [Mock IPC] Invoked: send_tunnel_request {request: {"type":"run_cmd","command":"whoami"}} @ http://localhost:5173/src/main.js:35
[ 1120471ms] [WARNING] [Mock IPC] Unknown command: send_tunnel_request @ http://localhost:5173/src/main.js:182
[ 1125471ms] [LOG] [Mock IPC] Invoked: send_tunnel_request {request: {"type":"run_cmd","command":"whoami"}} @ http://localhost:5173/src/main.js:35
[ 1125471ms] [WARNING] [Mock IPC] Unknown command: send_tunnel_request @ http://localhost:5173/src/main.js:182
[ 1130471ms] [LOG] [Mock IPC] Invoked: send_tunnel_request {request: {"type":"run_cmd","command":"whoami"}} @ http://localhost:5173/src/main.js:35
[ 1130471ms] [WARNING] [Mock IPC] Unknown command: send_tunnel_request @ http://localhost:5173/src/main.js:182
[ 1135468ms] [LOG] [Mock IPC] Invoked: send_tunnel_request {request: {"type":"run_cmd","command":"whoami"}} @ http://localhost:5173/src/main.js:35
[ 1135469ms] [WARNING] [Mock IPC] Unknown command: send_tunnel_request @ http://localhost:5173/src/main.js:182
[ 1140470ms] [LOG] [Mock IPC] Invoked: send_tunnel_request {request: {"type":"run_cmd","command":"whoami"}} @ http://localhost:5173/src/main.js:35
[ 1140470ms] [WARNING] [Mock IPC] Unknown command: send_tunnel_request @ http://localhost:5173/src/main.js:182
[ 1145470ms] [LOG] [Mock IPC] Invoked: send_tunnel_request {request: {"type":"run_cmd","command":"whoami"}} @ http://localhost:5173/src/main.js:35
[ 1145470ms] [WARNING] [Mock IPC] Unknown command: send_tunnel_request @ http://localhost:5173/src/main.js:182
[ 1150470ms] [LOG] [Mock IPC] Invoked: send_tunnel_request {request: {"type":"run_cmd","command":"whoami"}} @ http://localhost:5173/src/main.js:35
[ 1150470ms] [WARNING] [Mock IPC] Unknown command: send_tunnel_request @ http://localhost:5173/src/main.js:182
[ 1155469ms] [LOG] [Mock IPC] Invoked: send_tunnel_request {request: {"type":"run_cmd","command":"whoami"}} @ http://localhost:5173/src/main.js:35
[ 1155470ms] [WARNING] [Mock IPC] Unknown command: send_tunnel_request @ http://localhost:5173/src/main.js:182
[ 1160469ms] [LOG] [Mock IPC] Invoked: send_tunnel_request {request: {"type":"run_cmd","command":"whoami"}} @ http://localhost:5173/src/main.js:35
[ 1160469ms] [WARNING] [Mock IPC] Unknown command: send_tunnel_request @ http://localhost:5173/src/main.js:182
[ 1165469ms] [LOG] [Mock IPC] Invoked: send_tunnel_request {request: {"type":"run_cmd","command":"whoami"}} @ http://localhost:5173/src/main.js:35
[ 1165469ms] [WARNING] [Mock IPC] Unknown command: send_tunnel_request @ http://localhost:5173/src/main.js:182
[ 1170469ms] [LOG] [Mock IPC] Invoked: send_tunnel_request {request: {"type":"run_cmd","command":"whoami"}} @ http://localhost:5173/src/main.js:35
[ 1170469ms] [WARNING] [Mock IPC] Unknown command: send_tunnel_request @ http://localhost:5173/src/main.js:182
[ 1175469ms] [LOG] [Mock IPC] Invoked: send_tunnel_request {request: {"type":"run_cmd","command":"whoami"}} @ http://localhost:5173/src/main.js:35
[ 1175469ms] [WARNING] [Mock IPC] Unknown command: send_tunnel_request @ http://localhost:5173/src/main.js:182
[ 1180468ms] [LOG] [Mock IPC] Invoked: send_tunnel_request {request: {"type":"run_cmd","command":"whoami"}} @ http://localhost:5173/src/main.js:35
[ 1180468ms] [WARNING] [Mock IPC] Unknown command: send_tunnel_request @ http://localhost:5173/src/main.js:182
[ 1185469ms] [LOG] [Mock IPC] Invoked: send_tunnel_request {request: {"type":"run_cmd","command":"whoami"}} @ http://localhost:5173/src/main.js:35
[ 1185469ms] [WARNING] [Mock IPC] Unknown command: send_tunnel_request @ http://localhost:5173/src/main.js:182
[ 1190475ms] [LOG] [Mock IPC] Invoked: send_tunnel_request {request: {"type":"run_cmd","command":"whoami"}} @ http://localhost:5173/src/main.js:35
[ 1190475ms] [WARNING] [Mock IPC] Unknown command: send_tunnel_request @ http://localhost:5173/src/main.js:182
[ 1195474ms] [LOG] [Mock IPC] Invoked: send_tunnel_request {request: {"type":"run_cmd","command":"whoami"}} @ http://localhost:5173/src/main.js:35
[ 1195474ms] [WARNING] [Mock IPC] Unknown command: send_tunnel_request @ http://localhost:5173/src/main.js:182
[ 1200471ms] [LOG] [Mock IPC] Invoked: send_tunnel_request {request: {"type":"run_cmd","command":"whoami"}} @ http://localhost:5173/src/main.js:35
[ 1200471ms] [WARNING] [Mock IPC] Unknown command: send_tunnel_request @ http://localhost:5173/src/main.js:182
[ 1205473ms] [LOG] [Mock IPC] Invoked: send_tunnel_request {request: {"type":"run_cmd","command":"whoami"}} @ http://localhost:5173/src/main.js:35
[ 1205473ms] [WARNING] [Mock IPC] Unknown command: send_tunnel_request @ http://localhost:5173/src/main.js:182
[ 1210473ms] [LOG] [Mock IPC] Invoked: send_tunnel_request {request: {"type":"run_cmd","command":"whoami"}} @ http://localhost:5173/src/main.js:35
[ 1210473ms] [WARNING] [Mock IPC] Unknown command: send_tunnel_request @ http://localhost:5173/src/main.js:182
[ 1215473ms] [LOG] [Mock IPC] Invoked: send_tunnel_request {request: {"type":"run_cmd","command":"whoami"}} @ http://localhost:5173/src/main.js:35
[ 1215473ms] [WARNING] [Mock IPC] Unknown command: send_tunnel_request @ http://localhost:5173/src/main.js:182
[ 1220473ms] [LOG] [Mock IPC] Invoked: send_tunnel_request {request: {"type":"run_cmd","command":"whoami"}} @ http://localhost:5173/src/main.js:35
[ 1220473ms] [WARNING] [Mock IPC] Unknown command: send_tunnel_request @ http://localhost:5173/src/main.js:182
[ 1225470ms] [LOG] [Mock IPC] Invoked: send_tunnel_request {request: {"type":"run_cmd","command":"whoami"}} @ http://localhost:5173/src/main.js:35
[ 1225470ms] [WARNING] [Mock IPC] Unknown command: send_tunnel_request @ http://localhost:5173/src/main.js:182
[ 1230472ms] [LOG] [Mock IPC] Invoked: send_tunnel_request {request: {"type":"run_cmd","command":"whoami"}} @ http://localhost:5173/src/main.js:35
[ 1230472ms] [WARNING] [Mock IPC] Unknown command: send_tunnel_request @ http://localhost:5173/src/main.js:182
[ 1235472ms] [LOG] [Mock IPC] Invoked: send_tunnel_request {request: {"type":"run_cmd","command":"whoami"}} @ http://localhost:5173/src/main.js:35
[ 1235472ms] [WARNING] [Mock IPC] Unknown command: send_tunnel_request @ http://localhost:5173/src/main.js:182
[ 1240469ms] [LOG] [Mock IPC] Invoked: send_tunnel_request {request: {"type":"run_cmd","command":"whoami"}} @ http://localhost:5173/src/main.js:35
[ 1240469ms] [WARNING] [Mock IPC] Unknown command: send_tunnel_request @ http://localhost:5173/src/main.js:182
[ 1245471ms] [LOG] [Mock IPC] Invoked: send_tunnel_request {request: {"type":"run_cmd","command":"whoami"}} @ http://localhost:5173/src/main.js:35
[ 1245471ms] [WARNING] [Mock IPC] Unknown command: send_tunnel_request @ http://localhost:5173/src/main.js:182
[ 1250470ms] [LOG] [Mock IPC] Invoked: send_tunnel_request {request: {"type":"run_cmd","command":"whoami"}} @ http://localhost:5173/src/main.js:35
[ 1250471ms] [WARNING] [Mock IPC] Unknown command: send_tunnel_request @ http://localhost:5173/src/main.js:182
[ 1255471ms] [LOG] [Mock IPC] Invoked: send_tunnel_request {request: {"type":"run_cmd","command":"whoami"}} @ http://localhost:5173/src/main.js:35
[ 1255471ms] [WARNING] [Mock IPC] Unknown command: send_tunnel_request @ http://localhost:5173/src/main.js:182
[ 1260471ms] [LOG] [Mock IPC] Invoked: send_tunnel_request {request: {"type":"run_cmd","command":"whoami"}} @ http://localhost:5173/src/main.js:35
[ 1260471ms] [WARNING] [Mock IPC] Unknown command: send_tunnel_request @ http://localhost:5173/src/main.js:182
[ 1265470ms] [LOG] [Mock IPC] Invoked: send_tunnel_request {request: {"type":"run_cmd","command":"whoami"}} @ http://localhost:5173/src/main.js:35
[ 1265470ms] [WARNING] [Mock IPC] Unknown command: send_tunnel_request @ http://localhost:5173/src/main.js:182
[ 1270470ms] [LOG] [Mock IPC] Invoked: send_tunnel_request {request: {"type":"run_cmd","command":"whoami"}} @ http://localhost:5173/src/main.js:35
[ 1270470ms] [WARNING] [Mock IPC] Unknown command: send_tunnel_request @ http://localhost:5173/src/main.js:182
[ 1275470ms] [LOG] [Mock IPC] Invoked: send_tunnel_request {request: {"type":"run_cmd","command":"whoami"}} @ http://localhost:5173/src/main.js:35
[ 1275470ms] [WARNING] [Mock IPC] Unknown command: send_tunnel_request @ http://localhost:5173/src/main.js:182
[ 1280470ms] [LOG] [Mock IPC] Invoked: send_tunnel_request {request: {"type":"run_cmd","command":"whoami"}} @ http://localhost:5173/src/main.js:35
[ 1280470ms] [WARNING] [Mock IPC] Unknown command: send_tunnel_request @ http://localhost:5173/src/main.js:182
[ 1285469ms] [LOG] [Mock IPC] Invoked: send_tunnel_request {request: {"type":"run_cmd","command":"whoami"}} @ http://localhost:5173/src/main.js:35
[ 1285470ms] [WARNING] [Mock IPC] Unknown command: send_tunnel_request @ http://localhost:5173/src/main.js:182
[ 1290469ms] [LOG] [Mock IPC] Invoked: send_tunnel_request {request: {"type":"run_cmd","command":"whoami"}} @ http://localhost:5173/src/main.js:35
[ 1290469ms] [WARNING] [Mock IPC] Unknown command: send_tunnel_request @ http://localhost:5173/src/main.js:182
[ 1295469ms] [LOG] [Mock IPC] Invoked: send_tunnel_request {request: {"type":"run_cmd","command":"whoami"}} @ http://localhost:5173/src/main.js:35
[ 1295469ms] [WARNING] [Mock IPC] Unknown command: send_tunnel_request @ http://localhost:5173/src/main.js:182
[ 1300469ms] [LOG] [Mock IPC] Invoked: send_tunnel_request {request: {"type":"run_cmd","command":"whoami"}} @ http://localhost:5173/src/main.js:35
[ 1300469ms] [WARNING] [Mock IPC] Unknown command: send_tunnel_request @ http://localhost:5173/src/main.js:182
[ 1305468ms] [LOG] [Mock IPC] Invoked: send_tunnel_request {request: {"type":"run_cmd","command":"whoami"}} @ http://localhost:5173/src/main.js:35
[ 1305469ms] [WARNING] [Mock IPC] Unknown command: send_tunnel_request @ http://localhost:5173/src/main.js:182
[ 1310468ms] [LOG] [Mock IPC] Invoked: send_tunnel_request {request: {"type":"run_cmd","command":"whoami"}} @ http://localhost:5173/src/main.js:35
[ 1310468ms] [WARNING] [Mock IPC] Unknown command: send_tunnel_request @ http://localhost:5173/src/main.js:182
[ 1315474ms] [LOG] [Mock IPC] Invoked: send_tunnel_request {request: {"type":"run_cmd","command":"whoami"}} @ http://localhost:5173/src/main.js:35
[ 1315474ms] [WARNING] [Mock IPC] Unknown command: send_tunnel_request @ http://localhost:5173/src/main.js:182
[ 1320474ms] [LOG] [Mock IPC] Invoked: send_tunnel_request {request: {"type":"run_cmd","command":"whoami"}} @ http://localhost:5173/src/main.js:35
[ 1320474ms] [WARNING] [Mock IPC] Unknown command: send_tunnel_request @ http://localhost:5173/src/main.js:182
[ 1325474ms] [LOG] [Mock IPC] Invoked: send_tunnel_request {request: {"type":"run_cmd","command":"whoami"}} @ http://localhost:5173/src/main.js:35
[ 1325474ms] [WARNING] [Mock IPC] Unknown command: send_tunnel_request @ http://localhost:5173/src/main.js:182
[ 1330470ms] [LOG] [Mock IPC] Invoked: send_tunnel_request {request: {"type":"run_cmd","command":"whoami"}} @ http://localhost:5173/src/main.js:35
[ 1330470ms] [WARNING] [Mock IPC] Unknown command: send_tunnel_request @ http://localhost:5173/src/main.js:182
[ 1335469ms] [LOG] [Mock IPC] Invoked: send_tunnel_request {request: {"type":"run_cmd","command":"whoami"}} @ http://localhost:5173/src/main.js:35
[ 1335469ms] [WARNING] [Mock IPC] Unknown command: send_tunnel_request @ http://localhost:5173/src/main.js:182
[ 1340473ms] [LOG] [Mock IPC] Invoked: send_tunnel_request {request: {"type":"run_cmd","command":"whoami"}} @ http://localhost:5173/src/main.js:35
[ 1340473ms] [WARNING] [Mock IPC] Unknown command: send_tunnel_request @ http://localhost:5173/src/main.js:182
[ 1345471ms] [LOG] [Mock IPC] Invoked: send_tunnel_request {request: {"type":"run_cmd","command":"whoami"}} @ http://localhost:5173/src/main.js:35
[ 1345471ms] [WARNING] [Mock IPC] Unknown command: send_tunnel_request @ http://localhost:5173/src/main.js:182
[ 1350472ms] [LOG] [Mock IPC] Invoked: send_tunnel_request {request: {"type":"run_cmd","command":"whoami"}} @ http://localhost:5173/src/main.js:35
[ 1350472ms] [WARNING] [Mock IPC] Unknown command: send_tunnel_request @ http://localhost:5173/src/main.js:182
[ 1355472ms] [LOG] [Mock IPC] Invoked: send_tunnel_request {request: {"type":"run_cmd","command":"whoami"}} @ http://localhost:5173/src/main.js:35
[ 1355472ms] [WARNING] [Mock IPC] Unknown command: send_tunnel_request @ http://localhost:5173/src/main.js:182
[ 1356474ms] [WARNING] An iframe which has both allow-scripts and allow-same-origin for its sandbox attribute can escape its sandboxing. @ http://localhost:5173/src/main.js:193
[ 1356517ms] [LOG] [Mock IPC] Invoked: get_initial_state {} @ http://localhost:5173/src/main.js:35
[ 1356517ms] [LOG] [Mock IPC] Invoked: get_personas {} @ http://localhost:5173/src/main.js:35
[ 1356517ms] [LOG] [Mock IPC] Invoked: set_theme {name: Nord} @ http://localhost:5173/src/main.js:35
[ 1356517ms] [LOG] [Mock IPC] Invoked: list_sessions {} @ http://localhost:5173/src/main.js:35
[ 1356555ms] [LOG] [Mock IPC] Invoked: pty_kill {id: main_pty_session} @ http://localhost:5173/src/main.js:35
[ 1356556ms] [WARNING] [Mock IPC] Unknown command: pty_kill @ http://localhost:5173/src/main.js:187
[ 1356556ms] [LOG] [Mock IPC] Invoked: send_tunnel_request {request: {"type":"run_cmd","command":"whoami"}} @ http://localhost:5173/src/main.js:35
[ 1356556ms] [LOG] [Mock IPC] Invoked: get_discovered_peers {} @ http://localhost:5173/src/main.js:35
[ 1356556ms] [WARNING] [Mock IPC] Unknown command: get_discovered_peers @ http://localhost:5173/src/main.js:187
[ 1356556ms] [LOG] [Mock IPC] Invoked: get_active_transfers {} @ http://localhost:5173/src/main.js:35
[ 1356556ms] [WARNING] [Mock IPC] Unknown command: get_active_transfers @ http://localhost:5173/src/main.js:187
[ 1356558ms] [LOG] [Mock IPC] Invoked: pty_spawn {id: main_pty_session, cols: 80, rows: 24, shell: null} @ http://localhost:5173/src/main.js:35
[ 1356558ms] [WARNING] [Mock IPC] Unknown command: pty_spawn @ http://localhost:5173/src/main.js:187
[ 1356607ms] [WARNING] An iframe which has both allow-scripts and allow-same-origin for its sandbox attribute can escape its sandboxing. @ about:blank:0
[ 1361557ms] [LOG] [Mock IPC] Invoked: send_tunnel_request {request: {"type":"run_cmd","command":"whoami"}} @ http://localhost:5173/src/main.js:35
[ 1366557ms] [LOG] [Mock IPC] Invoked: send_tunnel_request {request: {"type":"run_cmd","command":"whoami"}} @ http://localhost:5173/src/main.js:35
[ 1371556ms] [LOG] [Mock IPC] Invoked: send_tunnel_request {request: {"type":"run_cmd","command":"whoami"}} @ http://localhost:5173/src/main.js:35
[ 1376558ms] [LOG] [Mock IPC] Invoked: send_tunnel_request {request: {"type":"run_cmd","command":"whoami"}} @ http://localhost:5173/src/main.js:35
[ 1381563ms] [LOG] [Mock IPC] Invoked: send_tunnel_request {request: {"type":"run_cmd","command":"whoami"}} @ http://localhost:5173/src/main.js:35
[ 1386562ms] [LOG] [Mock IPC] Invoked: send_tunnel_request {request: {"type":"run_cmd","command":"whoami"}} @ http://localhost:5173/src/main.js:35
[ 1391556ms] [LOG] [Mock IPC] Invoked: send_tunnel_request {request: {"type":"run_cmd","command":"whoami"}} @ http://localhost:5173/src/main.js:35
